Microchip MPLAB XC8 Compiler V3.00

Linker command line:

-W-3 \
  --edf=C:/Program Files/Microchip/MPLABX/v6.25/packs/Microchip/PIC18F-Q_DFP/1.27.449/xc8\pic\dat\20250204174324_en.msgs \
  -pivt0x8=08h -cn -h+dist/default/debug\controlPosicionMotor1.X.debug.sym \
  --cmf=dist/default/debug\controlPosicionMotor1.X.debug.cmf -z -Q18F57Q43 \
  -oC:\Users\Richard\AppData\Local\Temp\xcAs7eo.\driver_tmp_3.o \
  --defsym=__MPLAB_BUILD=1 --fixupoverflow=error \
  -Mdist/default/debug/controlPosicionMotor1.X.debug.map \
  --md=C:\Users\Richard\AppData\Local\Temp\xcAs7eo.\driver_tmp_0.dat -E1 \
  -ver=XC8 Compiler -ACODE=00h-01FFFFh -ACONST=00h-01FFFFh \
  -ASMALLCONST=02600h-026FFhx218,012600h-0126FFhx218 \
  -AMEDIUMCONST=02600h-0FFFFh,012600h-01FFFFh -ACOMRAM=0501h-055Fh \
  -AABS1=0500h-024FFh -ABIGRAM=0501h-024FFh \
  -ARAM=0560h-05FFh,0600h-06FFhx31 -ABANK5=0560h-05FFh -ABANK6=0600h-06FFh \
  -ABANK7=0700h-07FFh -ABANK8=0800h-08FFh -ABANK9=0900h-09FFh \
  -ABANK10=0A00h-0AFFh -ABANK11=0B00h-0BFFh -ABANK12=0C00h-0CFFh \
  -ABANK13=0D00h-0DFFh -ABANK14=0E00h-0EFFh -ABANK15=0F00h-0FFFh \
  -ABANK16=01000h-010FFh -ABANK17=01100h-011FFh -ABANK18=01200h-012FFh \
  -ABANK19=01300h-013FFh -ABANK20=01400h-014FFh -ABANK21=01500h-015FFh \
  -ABANK22=01600h-016FFh -ABANK23=01700h-017FFh -ABANK24=01800h-018FFh \
  -ABANK25=01900h-019FFh -ABANK26=01A00h-01AFFh -ABANK27=01B00h-01BFFh \
  -ABANK28=01C00h-01CFFh -ABANK29=01D00h-01DFFh -ABANK30=01E00h-01EFFh \
  -ABANK31=01F00h-01FFFh -ABANK32=02000h-020FFh -ABANK33=02100h-021FFh \
  -ABANK34=02200h-022FFh -ABANK35=02300h-023FFh -ABANK36=02400h-024FFh \
  -ASFR=00h-0FFhx4,0400h-045Fh,0460h-04FFh,02500h-025FFh \
  -ABIGSFR=00h-04FFh,02500h-025FFh -ACONFIG=0300000h-0300011h \
  -AIDLOC=0200000h-020003Fh -AEEDATA=0380000h-03803FFh -peeprom_data=EEDATA \
  -preset_vec=00h -ppowerup=CODE,init -pramtop=02600h \
  -psmallconst=SMALLCONST -pmediumconst=MEDIUMCONST -pconst=CONST \
  -AFARRAM=00h-00h \
  -prdata=COMRAM,nvrram=COMRAM,nvbit=COMRAM,rbss=COMRAM,rbit=COMRAM \
  -pfarbss=FARRAM,fardata=FARRAM,nvFARRAM=FARRAM \
  -pintsave_regs=BIGRAM,bigbss=BIGRAM,bigdata=BIGRAM -pbss=RAM \
  -pidata=CODE,irdata=CODE,ibigdata=CODE,ifardata=CODE -prparam=COMRAM \
  C:\Users\Richard\AppData\Local\Temp\xcAs7eo.\driver_tmp_19.o \
  dist/default/debug\controlPosicionMotor1.X.debug.o 

Object code version is 3.11

Machine type is 18F57Q43



                Name                               Link     Load   Length Selector   Space Scale
C:\Users\Richard\AppData\Local\Temp\xcAs7eo.\driver_tmp_19.o
                config                           300000   300000        A        0       4
                init                                 1A       1A        4        4       0
                reset_vec                             0        0        4        0       0
dist/default/debug\controlPosicionMotor1.X.debug.o
                config                           300000   300000        A        0       4
                smallconst                         2600     2600       F0     1300       0
                ivt0x8                                8        8       12        4       0
                text94                             86D4     86D4        4     1378       0
                text93                             86D0     86D0        4     1378       0
                text92                             59AA     59AA      390     1378       0
                text91                             71F2     71F2      104     1378       0
                text90                             4DE8     4DE8      426     1378       0
                text89                             83E0     83E0       38     1378       0
                text88                             450A     450A      4B6     1378       0
                text87                             822A     822A       46     1378       0
                text86                             36BC     36BC      4DE     1378       0
                text85                             6338     6338      1B4     1378       0
                text84                             84BA     84BA       34     1378       0
                text83                             86CC     86CC        4     1378       0
                text82                             86B8     86B8        A     1378       0
                text81                             70EC     70EC      106     1378       0
                text80                             7F62     7F62       5A     1378       0
                text79                             6684     6684      158     1378       0
                text78                             86DE     86DE        2     1378       0
                text77                             82F4     82F4       3E     1378       0
                text76                             86DC     86DC        2     1378       0
                text75                             86DA     86DA        2     1378       0
                text74                             86D8     86D8        2     1378       0
                text73                             6926     6926      142     1378       0
                text72                             83A6     83A6       3A     1378       0
                text71                             67DC     67DC      14A     1378       0
                text70                             8646     8646       10     1378       0
                text69                             6CB2     6CB2      118     1378       0
                text68                             86C8     86C8        4     1378       0
                text67                             7F00     7F00       62     1378       0
                text66                             8632     8632       14     1378       0
                text65                             86AA     86AA        E     1378       0
                text64                             869C     869C        E     1378       0
                text63                             868E     868E        E     1378       0
                text62                             81E4     81E4       46     1378       0
                text61                             7B88     7B88       A2     1378       0
                text60                             8680     8680        E     1378       0
                text59                             8672     8672        E     1378       0
                text58                             8664     8664        E     1378       0
                text57                             7DB4     7DB4       74     1378       0
                text56                             8484     8484       36     1378       0
                text55                             8580     8580       24     1378       0
                text54                             855C     855C       24     1378       0
                text53                             8538     8538       24     1378       0
                text52                             7AE4     7AE4       A4     1378       0
                text51                             85E6     85E6       1E     1378       0
                text50                             8656     8656        E     1378       0
                text49                             86C2     86C2        6     1378       0
                text48                             861C     861C       16     1378       0
                text47                             844E     844E       36     1378       0
                text46                             75AA     75AA       D0     1378       0
                text45                             836C     836C       3A     1378       0
                text44                             85C6     85C6       20     1378       0
                text43                             780C     780C       C4     1378       0
                text42                             7988     7988       B0     1378       0
                text41                             8418     8418       36     1378       0
                text40                             8604     8604       18     1378       0
                text39                             8106     8106       4E     1378       0
                text38                             85A4     85A4       22     1378       0
                text37                             767A     767A       CC     1378       0
                text36                             819C     819C       48     1378       0
                text35                             7E28     7E28       72     1378       0
                text34                             6180     6180      1B8     1378       0
                text33                             5618     5618      392     1378       0
                text32                             7A38     7A38       AC     1378       0
                text31                             6FE6     6FE6      106     1378       0
                text30                             49C0     49C0      428     1378       0
                text29                             8332     8332       3A     1378       0
                text28                             4052     4052      4B8     1378       0
                text27                             8154     8154       48     1378       0
                text26                             6EDE     6EDE      108     1378       0
                text25                             72F6     72F6      100     1378       0
                text24                             5F6A     5F6A      216     1378       0
                text23                             7FBC     7FBC       58     1378       0
                text22                             8066     8066       52     1378       0
                text21                             82B4     82B4       40     1378       0
                text20                             26F0     26F0      A5E     1378       0
                text19                             7746     7746       C6     1378       0
                text18                             6DCA     6DCA      114     1378       0
                text17                             7CCA     7CCA       76     1378       0
                text16                             7E9A     7E9A       66     1378       0
                text15                             6A68     6A68      12C     1378       0
                text14                             3B9A     3B9A      4B8     1378       0
                text13                             8014     8014       52     1378       0
                text12                             84EE     84EE       26     1378       0
                text11                             7C2A     7C2A       A0     1378       0
                text10                             314E     314E      56E     1378       0
                text9                              8514     8514       24     1378       0
                text8                              6B94     6B94      11E     1378       0
                text7                              78D0     78D0       B8     1378       0
                text6                              7D40     7D40       74     1378       0
                text5                              5D3A     5D3A      230     1378       0
                text4                              73F6     73F6       E4     1378       0
                text3                              520E     520E      40A     1378       0
                text2                              74DA     74DA       D0     1378       0
                text1                              80B8     80B8       4E     1378       0
                text0                              64EC     64EC      198     1378       0
                cstackCOMRAM                        501      501       56      501       1
                cstackBANK5                         560      560       83      560       1
                cstackBANK6                         6A4      6A4       26      600       1
                bssBANK7                            700      700       50      700       1
                bssBANK6                            600      600       A4      600       1
                bssBANK5                            5E3      5E3       11      560       1
                bssCOMRAM                           557      557        8      501       1
                cinit                              8270     8270       44     1378       0
                nvBANK6                             6CA      6CA       12      600       1

TOTAL           Name                               Link     Load   Length     Space
        CLASS   CODE           
                init                                 1A       1A        4         0
                reset_vec                             0        0        4         0
                ivt0x8                                8        8       12         0
                text94                             86D4     86D4        4         0
                text93                             86D0     86D0        4         0
                text92                             59AA     59AA      390         0
                text91                             71F2     71F2      104         0
                text90                             4DE8     4DE8      426         0
                text89                             83E0     83E0       38         0
                text88                             450A     450A      4B6         0
                text87                             822A     822A       46         0
                text86                             36BC     36BC      4DE         0
                text85                             6338     6338      1B4         0
                text84                             84BA     84BA       34         0
                text83                             86CC     86CC        4         0
                text82                             86B8     86B8        A         0
                text81                             70EC     70EC      106         0
                text80                             7F62     7F62       5A         0
                text79                             6684     6684      158         0
                text78                             86DE     86DE        2         0
                text77                             82F4     82F4       3E         0
                text76                             86DC     86DC        2         0
                text75                             86DA     86DA        2         0
                text74                             86D8     86D8        2         0
                text73                             6926     6926      142         0
                text72                             83A6     83A6       3A         0
                text71                             67DC     67DC      14A         0
                text70                             8646     8646       10         0
                text69                             6CB2     6CB2      118         0
                text68                             86C8     86C8        4         0
                text67                             7F00     7F00       62         0
                text66                             8632     8632       14         0
                text65                             86AA     86AA        E         0
                text64                             869C     869C        E         0
                text63                             868E     868E        E         0
                text62                             81E4     81E4       46         0
                text61                             7B88     7B88       A2         0
                text60                             8680     8680        E         0
                text59                             8672     8672        E         0
                text58                             8664     8664        E         0
                text57                             7DB4     7DB4       74         0
                text56                             8484     8484       36         0
                text55                             8580     8580       24         0
                text54                             855C     855C       24         0
                text53                             8538     8538       24         0
                text52                             7AE4     7AE4       A4         0
                text51                             85E6     85E6       1E         0
                text50                             8656     8656        E         0
                text49                             86C2     86C2        6         0
                text48                             861C     861C       16         0
                text47                             844E     844E       36         0
                text46                             75AA     75AA       D0         0
                text45                             836C     836C       3A         0
                text44                             85C6     85C6       20         0
                text43                             780C     780C       C4         0
                text42                             7988     7988       B0         0
                text41                             8418     8418       36         0
                text40                             8604     8604       18         0
                text39                             8106     8106       4E         0
                text38                             85A4     85A4       22         0
                text37                             767A     767A       CC         0
                text36                             819C     819C       48         0
                text35                             7E28     7E28       72         0
                text34                             6180     6180      1B8         0
                text33                             5618     5618      392         0
                text32                             7A38     7A38       AC         0
                text31                             6FE6     6FE6      106         0
                text30                             49C0     49C0      428         0
                text29                             8332     8332       3A         0
                text28                             4052     4052      4B8         0
                text27                             8154     8154       48         0
                text26                             6EDE     6EDE      108         0
                text25                             72F6     72F6      100         0
                text24                             5F6A     5F6A      216         0
                text23                             7FBC     7FBC       58         0
                text22                             8066     8066       52         0
                text21                             82B4     82B4       40         0
                text20                             26F0     26F0      A5E         0
                text19                             7746     7746       C6         0
                text18                             6DCA     6DCA      114         0
                text17                             7CCA     7CCA       76         0
                text16                             7E9A     7E9A       66         0
                text15                             6A68     6A68      12C         0
                text14                             3B9A     3B9A      4B8         0
                text13                             8014     8014       52         0
                text12                             84EE     84EE       26         0
                text11                             7C2A     7C2A       A0         0
                text10                             314E     314E      56E         0
                text9                              8514     8514       24         0
                text8                              6B94     6B94      11E         0
                text7                              78D0     78D0       B8         0
                text6                              7D40     7D40       74         0
                text5                              5D3A     5D3A      230         0
                text4                              73F6     73F6       E4         0
                text3                              520E     520E      40A         0
                text2                              74DA     74DA       D0         0
                text1                              80B8     80B8       4E         0
                text0                              64EC     64EC      198         0
                cinit                              8270     8270       44         0

        CLASS   CONST          

        CLASS   SMALLCONST     
                smallconst                         2600     2600       F0         0

        CLASS   MEDIUMCONST    

        CLASS   COMRAM         
                cstackCOMRAM                        501      501       56         1
                bssCOMRAM                           557      557        8         1

        CLASS   ABS1           

        CLASS   BIGRAM         

        CLASS   RAM            

        CLASS   BANK5          
                cstackBANK5                         560      560       83         1
                bssBANK5                            5E3      5E3       11         1

        CLASS   BANK6          
                cstackBANK6                         6A4      6A4       26         1
                bssBANK6                            600      600       A4         1
                nvBANK6                             6CA      6CA       12         1

        CLASS   BANK7          
                bssBANK7                            700      700       50         1

        CLASS   BANK8          

        CLASS   BANK9          

        CLASS   BANK10         

        CLASS   BANK11         

        CLASS   BANK12         

        CLASS   BANK13         

        CLASS   BANK14         

        CLASS   BANK15         

        CLASS   BANK16         

        CLASS   BANK17         

        CLASS   BANK18         

        CLASS   BANK19         

        CLASS   BANK20         

        CLASS   BANK21         

        CLASS   BANK22         

        CLASS   BANK23         

        CLASS   BANK24         

        CLASS   BANK25         

        CLASS   BANK26         

        CLASS   BANK27         

        CLASS   BANK28         

        CLASS   BANK29         

        CLASS   BANK30         

        CLASS   BANK31         

        CLASS   BANK32         

        CLASS   BANK33         

        CLASS   BANK34         

        CLASS   BANK35         

        CLASS   BANK36         

        CLASS   SFR            

        CLASS   BIGSFR         

        CLASS   CONFIG         
                config                           300000   300000        A         4

        CLASS   IDLOC          

        CLASS   EEDATA         

        CLASS   FARRAM         

        CLASS   HEAP           

        CLASS   STACK          



SEGMENTS        Name                           Load    Length   Top    Selector   Space  Class

                reset_vec                      000000  000004  000004         0       0  CODE    
                ivt0x8                         000008  000016  00001E         4       0  CODE    
                cstackCOMRAM                   000501  00005E  00055F       501       1  COMRAM  
                cstackBANK5                    000560  000094  0005F4       560       1  BANK5   
                bssBANK6                       000600  0000DC  0006DC       600       1  BANK6   
                bssBANK7                       000700  000050  000750       700       1  BANK7   
                smallconst                     002600  0000F0  0026F0      1300       0  SMALLCON
                text20                         0026F0  005FF0  0086E0      1378       0  CODE    


UNUSED ADDRESS RANGES

        Name                Unused          Largest block    Delta
        BANK10           000A00-000AFF              100
        BANK11           000B00-000BFF              100
        BANK12           000C00-000CFF              100
        BANK13           000D00-000DFF              100
        BANK14           000E00-000EFF              100
        BANK15           000F00-000FFF              100
        BANK16           001000-0010FF              100
        BANK17           001100-0011FF              100
        BANK18           001200-0012FF              100
        BANK19           001300-0013FF              100
        BANK20           001400-0014FF              100
        BANK21           001500-0015FF              100
        BANK22           001600-0016FF              100
        BANK23           001700-0017FF              100
        BANK24           001800-0018FF              100
        BANK25           001900-0019FF              100
        BANK26           001A00-001AFF              100
        BANK27           001B00-001BFF              100
        BANK28           001C00-001CFF              100
        BANK29           001D00-001DFF              100
        BANK30           001E00-001EFF              100
        BANK31           001F00-001FFF              100
        BANK32           002000-0020FF              100
        BANK33           002100-0021FF              100
        BANK34           002200-0022FF              100
        BANK35           002300-0023FF              100
        BANK36           002400-0024FF              100
        BANK5            0005F4-0005FF                C
        BANK6            0006DC-0006FF               24
        BANK7            000750-0007FF               B0
        BANK8            000800-0008FF              100
        BANK9            000900-0009FF              100
        BIGRAM           00055F-00055F                1
                         0005F4-0005FF                C
                         0006DC-0006FF               24
                         000750-0024FF             1DB0
        BIGSFR           000000-0004FF              500
                         002500-0025FF              100
        CODE             000004-000007                4
                         00001E-0025FF             25E2
                         0086E0-01FFFF            17920
        COMRAM           00055F-00055F                1
        CONFIG           30000A-300011                8
        CONST            000004-000007                4
                         00001E-0025FF             25E2
                         0086E0-01FFFF            17920
        EEDATA           380000-3803FF              400
        IDLOC            200000-20003F               40
        MEDIUMCONST      0086E0-00FFFF             7920
                         012600-01FFFF             DA00
        RAM              0005F4-0005FF                C
                         0006DC-0006FF               24
                         000750-0024FF              100
        SFR              000000-0004FF              100
                         002500-0025FF              100
        SMALLCONST       0086E0-00FFFF              100
                         012600-01FFFF              100

                                  Symbol Table

?___awdiv                                                     cstackBANK5  00056C
?___awmod                                                     cstackBANK5  00056C
?___fladd                                                     cstackBANK5  00056C
?___fldiv                                                     cstackBANK5  00056C
?___flmul                                                     cstackBANK5  00056C
?___flneg                                                     cstackBANK5  00056C
?___flsub                                                     cstackBANK5  000585
?___fltol                                                     cstackBANK5  00056C
?___fpclassifyf                                               cstackBANK5  00056C
?___lwdiv                                                     cstackBANK5  00056C
?___lwmod                                                     cstackBANK5  00056C
?___omul                                                      cstackBANK5  00056C
?___strtoxll                                                  cstackBANK5  000584
?___xxtofl                                                    cstackCOMRAM 000501
?_abs                                                         cstackBANK5  000572
?_atou                                                        cstackBANK5  0005B4
?_fabsf                                                       cstackCOMRAM 000501
?_fgetc                                                       cstackBANK5  000571
?_floorf                                                      cstackBANK5  000585
?_getch                                                       cstackBANK5  00056E
?_labs                                                        cstackBANK5  00056C
?_printf                                                      cstackBANK6  0006A4
?_read_prec_or_width                                          cstackBANK5  00056C
?_sscanf                                                      cstackBANK6  0006A9
?_strncmp                                                     cstackBANK5  00056C
?_vfprintf                                                    cstackBANK5  0005DD
?_vfscanf                                                     cstackBANK5  0005DE
?_vfsfcnvrt                                                   cstackBANK5  0005C8
?i2___fladd                                                   cstackCOMRAM 00051A
?i2___fldiv                                                   cstackCOMRAM 000532
?i2___flmul                                                   cstackCOMRAM 000501
?i2___flneg                                                   cstackCOMRAM 000501
?i2___flsub                                                   cstackCOMRAM 00052A
?i2___fltol                                                   cstackCOMRAM 000501
INT0_SetInterruptHandler@InterruptHandler                     cstackBANK5  00056C
INT1_SetInterruptHandler@InterruptHandler                     cstackBANK5  00056C
INT2_SetInterruptHandler@InterruptHandler                     cstackBANK5  00056C
IVTBASEH                                                      (abs)        00045E
IVTBASEL                                                      (abs)        00045D
IVTBASEU                                                      (abs)        00045F
PID_Calculate@current                                         cstackCOMRAM 000551
PID_Calculate@pid                                             cstackCOMRAM 00054B
PID_Calculate@proportional                                    cstackBANK5  000564
PID_Calculate@setpoint                                        cstackCOMRAM 00054D
PID_Init@dt                                                   cstackBANK5  00057E
PID_Init@kd                                                   cstackBANK5  000576
PID_Init@ki                                                   cstackBANK5  000572
PID_Init@kp                                                   cstackBANK5  00056E
PID_Init@maxOutput                                            cstackBANK5  00057A
PID_Init@pid                                                  cstackBANK5  00056C
PWM1_16BIT_Period_SetInterruptHandler@InterruptHandler        cstackBANK5  00056C
PWM1_16BIT_SetSlice1Output1DutyCycleRegister@registerValue    cstackCOMRAM 00050B
PWM1_16BIT_Slice1Output1_SetInterruptHandler@InterruptHandler cstackBANK5  00056C
PWM1_16BIT_Slice1Output2_SetInterruptHandler@InterruptHandler cstackBANK5  00056C
TMR0_OverflowCallbackRegister@callbackHandler                 cstackBANK5  00056C
UART1_FramingErrorCallbackRegister@callbackHandler            cstackBANK5  00056C
UART1_OverrunErrorCallbackRegister@callbackHandler            cstackBANK5  00056C
UART1_ParityErrorCallbackRegister@callbackHandler             cstackBANK5  00056C
UART1_Read@readValue                                          cstackBANK5  00056D
UART1_Read@tempRxTail                                         cstackBANK5  00056C
UART1_ReceiveISR@regValue                                     cstackCOMRAM 000501
UART1_ReceiveISR@tempRxHead                                   cstackCOMRAM 000502
UART1_TransmitISR@tempTxTail                                  cstackCOMRAM 000501
UART1_Write@tempTxHead                                        cstackBANK5  00056C
UART1_Write@txData                                            cstackBANK5  00056D
Uart_Read_String@Buf                                          cstackBANK5  00056E
Uart_Read_String@c                                            cstackBANK5  000578
Uart_Read_String@cont_buf                                     cstackBANK5  000579
Uart_Read_String@s_buf                                        cstackBANK5  000570
Uart_Read_String@timeout                                      cstackBANK5  000574
_ACTCON                                                       (abs)        0000AC
_ADACCH                                                       (abs)        0003E4
_ADACCL                                                       (abs)        0003E3
_ADACCU                                                       (abs)        0003E5
_ADACQH                                                       (abs)        0003EF
_ADACQL                                                       (abs)        0003EE
_ADACT                                                        (abs)        0003F9
_ADCAP                                                        (abs)        0003F0
_ADCLK                                                        (abs)        0003FA
_ADCNT                                                        (abs)        0003E6
_ADCON0                                                       (abs)        0003F3
_ADCON0bits                                                   (abs)        0003F3
_ADCON1                                                       (abs)        0003F4
_ADCON1bits                                                   (abs)        0003F4
_ADCON2                                                       (abs)        0003F5
_ADCON2bits                                                   (abs)        0003F5
_ADCON3                                                       (abs)        0003F6
_ADCON3bits                                                   (abs)        0003F6
_ADCP                                                         (abs)        0003D8
_ADCPbits                                                     (abs)        0003D8
_ADC_ConversionDoneCallback                                   bssBANK6     00064E
_ADC_ISR                                                      text94       0086D4
_ADC_Initialize                                               text67       007F00
_ADC_ThresholdCallback                                        bssBANK6     00064B
_ADC_ThresholdISR                                             text93       0086D0
_ADERRH                                                       (abs)        0003DE
_ADERRL                                                       (abs)        0003DD
_ADFLTRH                                                      (abs)        0003E2
_ADFLTRL                                                      (abs)        0003E1
_ADLTHH                                                       (abs)        0003DA
_ADLTHL                                                       (abs)        0003D9
_ADPCH                                                        (abs)        0003EC
_ADPREH                                                       (abs)        0003F2
_ADPREL                                                       (abs)        0003F1
_ADPREVH                                                      (abs)        0003E9
_ADPREVL                                                      (abs)        0003E8
_ADREF                                                        (abs)        0003F8
_ADRESH                                                       (abs)        0003EB
_ADRESL                                                       (abs)        0003EA
_ADRPT                                                        (abs)        0003E7
_ADSTAT                                                       (abs)        0003F7
_ADSTATbits                                                   (abs)        0003F7
_ADSTPTH                                                      (abs)        0003E0
_ADSTPTL                                                      (abs)        0003DF
_ADUTHH                                                       (abs)        0003DC
_ADUTHL                                                       (abs)        0003DB
_ANSELA                                                       (abs)        000400
_ANSELB                                                       (abs)        000408
_ANSELC                                                       (abs)        000410
_ANSELD                                                       (abs)        000418
_ANSELE                                                       (abs)        000420
_ANSELF                                                       (abs)        000428
_CLOCK_Initialize                                             text66       008632
_INLVLA                                                       (abs)        000404
_INLVLB                                                       (abs)        00040C
_INLVLC                                                       (abs)        000414
_INLVLD                                                       (abs)        00041C
_INLVLE                                                       (abs)        000424
_INLVLF                                                       (abs)        00042C
_INT0_DefaultInterruptHandler                                 (abs)        000000
_INT0_InterruptHandler                                        bssBANK6     000648
_INT0_SetInterruptHandler                                     text65       0086AA
_INT1_DefaultInterruptHandler                                 (abs)        000000
_INT1_InterruptHandler                                        bssBANK6     000645
_INT1_SetInterruptHandler                                     text64       00869C
_INT2_DefaultInterruptHandler                                 (abs)        000000
_INT2_InterruptHandler                                        bssBANK6     000642
_INT2_SetInterruptHandler                                     text63       00868E
_INTCON0bits                                                  (abs)        0004D6
_INTERRUPT_Initialize                                         text62       0081E4
_INTERRUPT_InterruptManager                                   text71       0067DC
_IOCAF                                                        (abs)        000407
_IOCAFbits                                                    (abs)        000407
_IOCAN                                                        (abs)        000406
_IOCANbits                                                    (abs)        000406
_IOCAP                                                        (abs)        000405
_IOCAPbits                                                    (abs)        000405
_IOCBF                                                        (abs)        00040F
_IOCBN                                                        (abs)        00040E
_IOCBP                                                        (abs)        00040D
_IOCCF                                                        (abs)        000417
_IOCCN                                                        (abs)        000416
_IOCCP                                                        (abs)        000415
_IOCEF                                                        (abs)        000427
_IOCEN                                                        (abs)        000426
_IOCEP                                                        (abs)        000425
_IOC_Initialize                                               text70       008646
_LATA                                                         (abs)        0004BE
_LATB                                                         (abs)        0004BF
_LATBbits                                                     (abs)        0004BF
_LATC                                                         (abs)        0004C0
_LATCbits                                                     (abs)        0004C0
_LATD                                                         (abs)        0004C1
_LATE                                                         (abs)        0004C2
_LATF                                                         (abs)        0004C3
_ODCONA                                                       (abs)        000402
_ODCONB                                                       (abs)        00040A
_ODCONC                                                       (abs)        000412
_ODCOND                                                       (abs)        00041A
_ODCONE                                                       (abs)        000422
_ODCONF                                                       (abs)        00042A
_OSCCON1                                                      (abs)        0000AD
_OSCCON3                                                      (abs)        0000AF
_OSCEN                                                        (abs)        0000B3
_OSCFRQ                                                       (abs)        0000B1
_OSCTUNE                                                      (abs)        0000B0
_PID_Calculate                                                text86       0036BC
_PID_Calculate$3746                                           cstackBANK5  000568
_PID_Calculate$3810                                           cstackBANK5  000560
_PID_Init                                                     text69       006CB2
_PIE0bits                                                     (abs)        00049E
_PIE1bits                                                     (abs)        00049F
_PIE2bits                                                     (abs)        0004A0
_PIE3bits                                                     (abs)        0004A1
_PIE4bits                                                     (abs)        0004A2
_PIN_MANAGER_Initialize                                       text61       007B88
_PIR0bits                                                     (abs)        0004AE
_PIR10bits                                                    (abs)        0004B8
_PIR1bits                                                     (abs)        0004AF
_PIR2bits                                                     (abs)        0004B0
_PIR3bits                                                     (abs)        0004B1
_PIR4bits                                                     (abs)        0004B2
_PIR6bits                                                     (abs)        0004B4
_PORTAbits                                                    (abs)        0004CE
_PWM1CLK                                                      (abs)        000461
_PWM1CON                                                      (abs)        000469
_PWM1CONbits                                                  (abs)        000469
_PWM1CPRE                                                     (abs)        000465
_PWM1ERS                                                      (abs)        000460
_PWM1GIE                                                      (abs)        000468
_PWM1GIEbits                                                  (abs)        000468
_PWM1GIR                                                      (abs)        000467
_PWM1GIRbits                                                  (abs)        000467
_PWM1LDS                                                      (abs)        000462
_PWM1PIPOS                                                    (abs)        000466
_PWM1PRH                                                      (abs)        000464
_PWM1PRL                                                      (abs)        000463
_PWM1S1CFG                                                    (abs)        00046A
_PWM1S1P1H                                                    (abs)        00046C
_PWM1S1P1L                                                    (abs)        00046B
_PWM1S1P2H                                                    (abs)        00046E
_PWM1S1P2L                                                    (abs)        00046D
_PWM1_16BIT_Enable                                            text68       0086C8
_PWM1_16BIT_Initialize                                        text57       007DB4
_PWM1_16BIT_LoadBufferRegisters                               text83       0086CC
_PWM1_16BIT_Period_DefaultInterruptHandler                    (abs)        000000
_PWM1_16BIT_Period_InterruptHandler                           nvBANK6      0006D3
_PWM1_16BIT_Period_SetInterruptHandler                        text60       008680
_PWM1_16BIT_SetSlice1Output1DutyCycleRegister                 text82       0086B8
_PWM1_16BIT_Slice1Output1_DefaultInterruptHandler             (abs)        000000
_PWM1_16BIT_Slice1Output1_InterruptHandler                    nvBANK6      0006D9
_PWM1_16BIT_Slice1Output1_SetInterruptHandler                 text59       008672
_PWM1_16BIT_Slice1Output2_DefaultInterruptHandler             (abs)        000000
_PWM1_16BIT_Slice1Output2_InterruptHandler                    nvBANK6      0006D6
_PWM1_16BIT_Slice1Output2_SetInterruptHandler                 text58       008664
_RB1I2C                                                       (abs)        000289
_RB2I2C                                                       (abs)        000288
_RC1PPS                                                       (abs)        000212
_RC2PPS                                                       (abs)        000213
_RC3I2C                                                       (abs)        000287
_RC4I2C                                                       (abs)        000286
_RF0PPS                                                       (abs)        000229
_SLRCONA                                                      (abs)        000403
_SLRCONB                                                      (abs)        00040B
_SLRCONC                                                      (abs)        000413
_SLRCOND                                                      (abs)        00041B
_SLRCONE                                                      (abs)        000423
_SLRCONF                                                      (abs)        00042B
_SYSTEM_Initialize                                            text51       0085E6
_T0CON0                                                       (abs)        00031A
_T0CON0bits                                                   (abs)        00031A
_T0CON1                                                       (abs)        00031B
_TMR0H                                                        (abs)        000319
_TMR0L                                                        (abs)        000318
_TMR0_DefaultCallback                                         text78       0086DE
_TMR0_ISR                                                     text77       0082F4
_TMR0_Initialize                                              text56       008484
_TMR0_OverflowCallback                                        nvBANK6      0006CA
_TMR0_OverflowCallbackRegister                                text50       008656
_TMR0_Start                                                   text49       0086C2
_TRISA                                                        (abs)        0004C6
_TRISB                                                        (abs)        0004C7
_TRISC                                                        (abs)        0004C8
_TRISD                                                        (abs)        0004C9
_TRISE                                                        (abs)        0004CA
_TRISF                                                        (abs)        0004CB
_U1BRGH                                                       (abs)        0002AF
_U1BRGL                                                       (abs)        0002AE
_U1CON0                                                       (abs)        0002AB
_U1CON0bits                                                   (abs)        0002AB
_U1CON1                                                       (abs)        0002AC
_U1CON1bits                                                   (abs)        0002AC
_U1CON2                                                       (abs)        0002AD
_U1ERRIE                                                      (abs)        0002B3
_U1ERRIR                                                      (abs)        0002B2
_U1ERRIRbits                                                  (abs)        0002B2
_U1FIFO                                                       (abs)        0002B0
_U1P1H                                                        (abs)        0002A6
_U1P1L                                                        (abs)        0002A5
_U1P2H                                                        (abs)        0002A8
_U1P2L                                                        (abs)        0002A7
_U1P3H                                                        (abs)        0002AA
_U1P3L                                                        (abs)        0002A9
_U1RXB                                                        (abs)        0002A1
_U1RXCHK                                                      (abs)        0002A2
_U1RXPPS                                                      (abs)        000272
_U1TXB                                                        (abs)        0002A3
_U1TXCHK                                                      (abs)        0002A4
_U1UIR                                                        (abs)        0002B1
_U1UIRbits                                                    (abs)        0002B1
_UART1                                                        smallconst   002601
_UART1_AutoBaudQuery                                          (abs)        000000
_UART1_AutoBaudSet                                            (abs)        000000
_UART1_DefaultFramingErrorCallback                            text76       0086DC
_UART1_DefaultOverrunErrorCallback                            text75       0086DA
_UART1_DefaultParityErrorCallback                             text74       0086D8
_UART1_Deinitialize                                           (abs)        000000
_UART1_ErrorGet                                               (abs)        000000
_UART1_FramingErrorCallbackRegister                           text55       008580
_UART1_FramingErrorHandler                                    bssBANK6     00063F
_UART1_Initialize                                             text52       007AE4
_UART1_IsRxReady                                              text48       00861C
_UART1_IsTxDone                                               (abs)        000000
_UART1_IsTxReady                                              text40       008604
_UART1_OverrunErrorCallbackRegister                           text54       00855C
_UART1_OverrunErrorHandler                                    bssBANK6     00063C
_UART1_ParityErrorCallbackRegister                            text53       008538
_UART1_ParityErrorHandler                                     bssBANK6     000639
_UART1_Read                                                   text47       00844E
_UART1_ReceiveISR                                             text73       006926
_UART1_RxCompleteCallbackRegister                             (abs)        000000
_UART1_RxCompleteInterruptHandler                             bssBANK6     000633
_UART1_RxInterruptHandler                                     nvBANK6      0006CD
_UART1_TransmitDisable                                        (abs)        000000
_UART1_TransmitEnable                                         (abs)        000000
_UART1_TransmitISR                                            text72       0083A6
_UART1_TxCompleteCallbackRegister                             (abs)        000000
_UART1_TxCompleteInterruptHandler                             bssBANK6     000636
_UART1_TxInterruptHandler                                     nvBANK6      0006D0
_UART1_Write                                                  text39       008106
_Uart_Read_String                                             text46       0075AA
_WPUA                                                         (abs)        000401
_WPUB                                                         (abs)        000409
_WPUC                                                         (abs)        000411
_WPUD                                                         (abs)        000419
_WPUE                                                         (abs)        000421
_WPUF                                                         (abs)        000429
__HRAM                                                        (abs)        000000
__H__absolute__                                               __absolute__ 000000
__Habs1                                                       abs1         000000
__Hbank10                                                     bank10       000000
__Hbank11                                                     bank11       000000
__Hbank12                                                     bank12       000000
__Hbank13                                                     bank13       000000
__Hbank14                                                     bank14       000000
__Hbank15                                                     bank15       000000
__Hbank16                                                     bank16       000000
__Hbank17                                                     bank17       000000
__Hbank18                                                     bank18       000000
__Hbank19                                                     bank19       000000
__Hbank20                                                     bank20       000000
__Hbank21                                                     bank21       000000
__Hbank22                                                     bank22       000000
__Hbank23                                                     bank23       000000
__Hbank24                                                     bank24       000000
__Hbank25                                                     bank25       000000
__Hbank26                                                     bank26       000000
__Hbank27                                                     bank27       000000
__Hbank28                                                     bank28       000000
__Hbank29                                                     bank29       000000
__Hbank30                                                     bank30       000000
__Hbank31                                                     bank31       000000
__Hbank32                                                     bank32       000000
__Hbank33                                                     bank33       000000
__Hbank34                                                     bank34       000000
__Hbank35                                                     bank35       000000
__Hbank36                                                     bank36       000000
__Hbank5                                                      bank5        000000
__Hbank6                                                      bank6        000000
__Hbank7                                                      bank7        000000
__Hbank8                                                      bank8        000000
__Hbank9                                                      bank9        000000
__Hbigbss                                                     bigbss       000000
__Hbigdata                                                    bigdata      000000
__Hbigram                                                     bigram       000000
__Hbigsfr                                                     bigsfr       000000
__Hbss                                                        bss          000000
__HbssBANK5                                                   bssBANK5     000000
__HbssBANK6                                                   bssBANK6     000000
__HbssBANK7                                                   bssBANK7     000000
__HbssCOMRAM                                                  bssCOMRAM    000000
__Hcinit                                                      cinit        000000
__Hclrtext                                                    clrtext      000000
__Hcomram                                                     comram       000000
__Hconfig                                                     config       30000A
__Hconst                                                      const        000000
__HcstackBANK5                                                cstackBANK5  000000
__HcstackBANK6                                                cstackBANK6  000000
__HcstackCOMRAM                                               cstackCOMRAM 000000
__Hdata                                                       data         000000
__Heeprom_data                                                eeprom_data  000000
__Hfarbss                                                     farbss       000000
__Hfardata                                                    fardata      000000
__Hheap                                                       heap         000000
__Hibigdata                                                   ibigdata     000000
__Hidata                                                      idata        000000
__Hidloc                                                      idloc        000000
__Hifardata                                                   ifardata     000000
__Hinit                                                       init         00001E
__Hintsave_regs                                               intsave_regs 000000
__Hirdata                                                     irdata       000000
__Hivt0x8                                                     ivt0x8       00001A
__Hmediumconst                                                mediumconst  000000
__HnvBANK6                                                    nvBANK6      000000
__HnvFARRAM                                                   nvFARRAM     000000
__Hnvbit                                                      nvbit        000000
__Hnvrram                                                     nvrram       000000
__Hparam                                                      rparam       000000
__Hpowerup                                                    powerup      000000
__Hram                                                        ram          000000
__Hramtop                                                     ramtop       002600
__Hrbit                                                       rbit         000000
__Hrbss                                                       rbss         000000
__Hrdata                                                      rdata        000000
__Hreset_vec                                                  reset_vec    000004
__Hrparam                                                     rparam       000000
__Hsfr                                                        sfr          000000
__Hsmallconst                                                 smallconst   0026F0
__Hspace_0                                                    (abs)        0086E0
__Hspace_1                                                    (abs)        000750
__Hspace_2                                                    (abs)        000000
__Hspace_4                                                    (abs)        60000A
__Hstack                                                      stack        000000
__Hstruct                                                     struct       000000
__Htemp                                                       temp         000000
__Htext                                                       text         000000
__Htext0                                                      text0        000000
__Htext1                                                      text1        000000
__Htext10                                                     text10       000000
__Htext11                                                     text11       000000
__Htext12                                                     text12       000000
__Htext13                                                     text13       000000
__Htext14                                                     text14       000000
__Htext15                                                     text15       000000
__Htext16                                                     text16       000000
__Htext17                                                     text17       000000
__Htext18                                                     text18       000000
__Htext19                                                     text19       000000
__Htext2                                                      text2        000000
__Htext20                                                     text20       000000
__Htext21                                                     text21       000000
__Htext22                                                     text22       000000
__Htext23                                                     text23       000000
__Htext24                                                     text24       000000
__Htext25                                                     text25       000000
__Htext26                                                     text26       000000
__Htext27                                                     text27       000000
__Htext28                                                     text28       000000
__Htext29                                                     text29       000000
__Htext3                                                      text3        000000
__Htext30                                                     text30       000000
__Htext31                                                     text31       000000
__Htext32                                                     text32       000000
__Htext33                                                     text33       000000
__Htext34                                                     text34       000000
__Htext35                                                     text35       000000
__Htext36                                                     text36       000000
__Htext37                                                     text37       000000
__Htext38                                                     text38       000000
__Htext39                                                     text39       000000
__Htext4                                                      text4        000000
__Htext40                                                     text40       000000
__Htext41                                                     text41       000000
__Htext42                                                     text42       000000
__Htext43                                                     text43       000000
__Htext44                                                     text44       000000
__Htext45                                                     text45       000000
__Htext46                                                     text46       000000
__Htext47                                                     text47       000000
__Htext48                                                     text48       000000
__Htext49                                                     text49       000000
__Htext5                                                      text5        000000
__Htext50                                                     text50       000000
__Htext51                                                     text51       000000
__Htext52                                                     text52       000000
__Htext53                                                     text53       000000
__Htext54                                                     text54       000000
__Htext55                                                     text55       000000
__Htext56                                                     text56       000000
__Htext57                                                     text57       000000
__Htext58                                                     text58       000000
__Htext59                                                     text59       000000
__Htext6                                                      text6        000000
__Htext60                                                     text60       000000
__Htext61                                                     text61       000000
__Htext62                                                     text62       000000
__Htext63                                                     text63       000000
__Htext64                                                     text64       000000
__Htext65                                                     text65       000000
__Htext66                                                     text66       000000
__Htext67                                                     text67       000000
__Htext68                                                     text68       000000
__Htext69                                                     text69       000000
__Htext7                                                      text7        000000
__Htext70                                                     text70       000000
__Htext71                                                     text71       000000
__Htext72                                                     text72       000000
__Htext73                                                     text73       000000
__Htext74                                                     text74       000000
__Htext75                                                     text75       000000
__Htext76                                                     text76       000000
__Htext77                                                     text77       000000
__Htext78                                                     text78       000000
__Htext79                                                     text79       000000
__Htext8                                                      text8        000000
__Htext80                                                     text80       000000
__Htext81                                                     text81       000000
__Htext82                                                     text82       000000
__Htext83                                                     text83       000000
__Htext84                                                     text84       000000
__Htext85                                                     text85       000000
__Htext86                                                     text86       000000
__Htext87                                                     text87       000000
__Htext88                                                     text88       000000
__Htext89                                                     text89       000000
__Htext9                                                      text9        000000
__Htext90                                                     text90       000000
__Htext91                                                     text91       000000
__Htext92                                                     text92       000000
__Htext93                                                     text93       000000
__Htext94                                                     text94       000000
__LRAM                                                        (abs)        000001
__L__absolute__                                               __absolute__ 000000
__Labs1                                                       abs1         000000
__Lbank10                                                     bank10       000000
__Lbank11                                                     bank11       000000
__Lbank12                                                     bank12       000000
__Lbank13                                                     bank13       000000
__Lbank14                                                     bank14       000000
__Lbank15                                                     bank15       000000
__Lbank16                                                     bank16       000000
__Lbank17                                                     bank17       000000
__Lbank18                                                     bank18       000000
__Lbank19                                                     bank19       000000
__Lbank20                                                     bank20       000000
__Lbank21                                                     bank21       000000
__Lbank22                                                     bank22       000000
__Lbank23                                                     bank23       000000
__Lbank24                                                     bank24       000000
__Lbank25                                                     bank25       000000
__Lbank26                                                     bank26       000000
__Lbank27                                                     bank27       000000
__Lbank28                                                     bank28       000000
__Lbank29                                                     bank29       000000
__Lbank30                                                     bank30       000000
__Lbank31                                                     bank31       000000
__Lbank32                                                     bank32       000000
__Lbank33                                                     bank33       000000
__Lbank34                                                     bank34       000000
__Lbank35                                                     bank35       000000
__Lbank36                                                     bank36       000000
__Lbank5                                                      bank5        000000
__Lbank6                                                      bank6        000000
__Lbank7                                                      bank7        000000
__Lbank8                                                      bank8        000000
__Lbank9                                                      bank9        000000
__Lbigbss                                                     bigbss       000000
__Lbigdata                                                    bigdata      000000
__Lbigram                                                     bigram       000000
__Lbigsfr                                                     bigsfr       000000
__Lbss                                                        bss          000000
__LbssBANK5                                                   bssBANK5     000000
__LbssBANK6                                                   bssBANK6     000000
__LbssBANK7                                                   bssBANK7     000000
__LbssCOMRAM                                                  bssCOMRAM    000000
__Lcinit                                                      cinit        000000
__Lclrtext                                                    clrtext      000000
__Lcomram                                                     comram       000000
__Lconfig                                                     config       000000
__Lconst                                                      const        000000
__LcstackBANK5                                                cstackBANK5  000000
__LcstackBANK6                                                cstackBANK6  000000
__LcstackCOMRAM                                               cstackCOMRAM 000000
__Ldata                                                       data         000000
__Leeprom_data                                                eeprom_data  000000
__Lfarbss                                                     farbss       000000
__Lfardata                                                    fardata      000000
__Lheap                                                       heap         000000
__Libigdata                                                   ibigdata     000000
__Lidata                                                      idata        000000
__Lidloc                                                      idloc        000000
__Lifardata                                                   ifardata     000000
__Linit                                                       init         00001A
__Lintsave_regs                                               intsave_regs 000000
__Lirdata                                                     irdata       000000
__Livt0x8                                                     ivt0x8       000008
__Lmediumconst                                                mediumconst  000000
__LnvBANK6                                                    nvBANK6      000000
__LnvFARRAM                                                   nvFARRAM     000000
__Lnvbit                                                      nvbit        000000
__Lnvrram                                                     nvrram       000000
__Lparam                                                      rparam       000000
__Lpowerup                                                    powerup      000000
__Lram                                                        ram          000000
__Lramtop                                                     ramtop       002600
__Lrbit                                                       rbit         000000
__Lrbss                                                       rbss         000000
__Lrdata                                                      rdata        000000
__Lreset_vec                                                  reset_vec    000000
__Lrparam                                                     rparam       000000
__Lsfr                                                        sfr          000000
__Lsmallconst                                                 smallconst   002600
__Lspace_0                                                    (abs)        000000
__Lspace_1                                                    (abs)        000000
__Lspace_2                                                    (abs)        000000
__Lspace_4                                                    (abs)        000000
__Lstack                                                      stack        000000
__Lstruct                                                     struct       000000
__Ltemp                                                       temp         000000
__Ltext                                                       text         000000
__Ltext0                                                      text0        000000
__Ltext1                                                      text1        000000
__Ltext10                                                     text10       000000
__Ltext11                                                     text11       000000
__Ltext12                                                     text12       000000
__Ltext13                                                     text13       000000
__Ltext14                                                     text14       000000
__Ltext15                                                     text15       000000
__Ltext16                                                     text16       000000
__Ltext17                                                     text17       000000
__Ltext18                                                     text18       000000
__Ltext19                                                     text19       000000
__Ltext2                                                      text2        000000
__Ltext20                                                     text20       000000
__Ltext21                                                     text21       000000
__Ltext22                                                     text22       000000
__Ltext23                                                     text23       000000
__Ltext24                                                     text24       000000
__Ltext25                                                     text25       000000
__Ltext26                                                     text26       000000
__Ltext27                                                     text27       000000
__Ltext28                                                     text28       000000
__Ltext29                                                     text29       000000
__Ltext3                                                      text3        000000
__Ltext30                                                     text30       000000
__Ltext31                                                     text31       000000
__Ltext32                                                     text32       000000
__Ltext33                                                     text33       000000
__Ltext34                                                     text34       000000
__Ltext35                                                     text35       000000
__Ltext36                                                     text36       000000
__Ltext37                                                     text37       000000
__Ltext38                                                     text38       000000
__Ltext39                                                     text39       000000
__Ltext4                                                      text4        000000
__Ltext40                                                     text40       000000
__Ltext41                                                     text41       000000
__Ltext42                                                     text42       000000
__Ltext43                                                     text43       000000
__Ltext44                                                     text44       000000
__Ltext45                                                     text45       000000
__Ltext46                                                     text46       000000
__Ltext47                                                     text47       000000
__Ltext48                                                     text48       000000
__Ltext49                                                     text49       000000
__Ltext5                                                      text5        000000
__Ltext50                                                     text50       000000
__Ltext51                                                     text51       000000
[...]
i2___fldiv@b                                                  cstackCOMRAM 000532
i2___fldiv@bexp                                               cstackCOMRAM 000549
i2___fldiv@grs                                                cstackCOMRAM 000545
i2___fldiv@new_exp                                            cstackCOMRAM 000543
i2___fldiv@rem                                                cstackCOMRAM 00053E
i2___fldiv@sign                                               cstackCOMRAM 000542
i2___flge                                                     text91       0071F2
i2___flge@ff1                                                 cstackCOMRAM 000505
i2___flge@ff2                                                 cstackCOMRAM 000509
i2___flmul                                                    text90       004DE8
i2___flmul@a                                                  cstackCOMRAM 000505
i2___flmul@aexp                                               cstackCOMRAM 000512
i2___flmul@b                                                  cstackCOMRAM 000501
i2___flmul@bexp                                               cstackCOMRAM 000513
i2___flmul@grs                                                cstackCOMRAM 00050E
i2___flmul@prod                                               cstackCOMRAM 000514
i2___flmul@sign                                               cstackCOMRAM 00050D
i2___flmul@temp                                               cstackCOMRAM 000518
i2___flneg                                                    text89       0083E0
i2___flneg@f1                                                 cstackCOMRAM 000501
i2___flsub                                                    text87       00822A
i2___flsub@a                                                  cstackCOMRAM 00052E
i2___flsub@b                                                  cstackCOMRAM 00052A
i2___fltol                                                    text81       0070EC
i2___fltol@exp1                                               cstackCOMRAM 00050A
i2___fltol@f1                                                 cstackCOMRAM 000501
i2___fltol@sign1                                              cstackCOMRAM 000509
intlevel0                                                     text         000000
intlevel1                                                     text         000000
intlevel2                                                     text         000000
intlevel3                                                     text         000000
isa$std                                                       (abs)        000001
isa$xinst                                                     (abs)        000000
ivt0x8_base                                                   ivt0x8       000008
labs@a                                                        cstackBANK5  00056C
main@command                                                  cstackBANK6  0006BF
memcpy@d                                                      cstackBANK5  000573
memcpy@d1                                                     cstackBANK5  00056C
memcpy@n                                                      cstackBANK5  000570
memcpy@s                                                      cstackBANK5  000575
memcpy@s1                                                     cstackBANK5  00056E
memcpy@tmp                                                    cstackBANK5  000572
memset@c                                                      cstackBANK5  00056E
memset@dest                                                   cstackBANK5  00056C
memset@n                                                      cstackBANK5  000570
memset@p                                                      cstackBANK5  000572
pad@buf                                                       cstackBANK5  000581
pad@fp                                                        cstackBANK5  00057F
pad@i                                                         cstackBANK5  000586
pad@p                                                         cstackBANK5  000583
printf@ap                                                     cstackBANK6  0006B9
printf@fmt                                                    cstackBANK6  0006A4
putch@txData                                                  cstackBANK5  00056E
read_prec_or_width@ap                                         cstackBANK5  00056E
read_prec_or_width@c                                          cstackBANK5  000572
read_prec_or_width@fmt                                        cstackBANK5  00056C
read_prec_or_width@n                                          cstackBANK5  000573
setMotor@dir                                                  cstackCOMRAM 000511
setMotor@vel                                                  cstackCOMRAM 00050D
skipws@c                                                      cstackBANK5  00057D
skipws@fp                                                     cstackBANK5  00057A
sscanf@ap                                                     cstackBANK6  0006B0
sscanf@f                                                      cstackBANK6  0006B2
sscanf@fmt                                                    cstackBANK6  0006AB
sscanf@ret                                                    cstackBANK6  0006AE
sscanf@s                                                      cstackBANK6  0006A9
stackhi                                                       (abs)        000000
stacklo                                                       (abs)        000000
start                                                         init         00001A
start_initialization                                          cinit        008270
stoa@cp                                                       cstackBANK5  000580
stoa@fp                                                       cstackBANK5  000578
stoa@l                                                        cstackBANK5  000582
stoa@p                                                        cstackBANK5  00057E
stoa@s                                                        cstackBANK5  00057A
strcpy@d                                                      cstackBANK5  000570
strcpy@dest                                                   cstackBANK5  00056C
strcpy@src                                                    cstackBANK5  00056E
strncmp@l                                                     cstackBANK5  00056C
strncmp@n                                                     cstackBANK5  00056E
strncmp@r                                                     cstackBANK5  00056D
ungetc@c                                                      cstackBANK5  00056C
ungetc@fp                                                     cstackBANK5  00056E
utoa@d                                                        cstackBANK5  00058A
utoa@fp                                                       cstackBANK5  000588
utoa@i                                                        cstackBANK5  000590
utoa@p                                                        cstackBANK5  00058C
utoa@w                                                        cstackBANK5  00058E
vfpfcnvrt@ap                                                  cstackBANK5  0005D2
vfpfcnvrt@c                                                   cstackBANK5  0005D6
vfpfcnvrt@convarg                                             cstackBANK5  0005D8
vfpfcnvrt@cp                                                  cstackBANK5  0005DC
vfpfcnvrt@done                                                cstackBANK5  0005D7
vfpfcnvrt@fmt                                                 cstackBANK5  0005D0
vfpfcnvrt@fp                                                  cstackBANK5  0005CE
vfprintf@ap                                                   cstackBANK5  0005E0
vfprintf@cfmt                                                 cstackBANK5  0005E2
vfprintf@fmt                                                  cstackBANK5  0005DF
vfprintf@fp                                                   cstackBANK5  0005DD
vfscanf@ap                                                    cstackBANK5  0005E1
vfscanf@cfmt                                                  cstackBANK6  0006A8
vfscanf@fmt                                                   cstackBANK5  0005E0
vfscanf@fp                                                    cstackBANK5  0005DE
vfscanf@n                                                     cstackBANK6  0006A6
vfscanf@saved_errno                                           cstackBANK6  0006A4
vfsfcnvrt@ap                                                  cstackBANK5  0005CC
vfsfcnvrt@c                                                   cstackBANK5  0005DC
vfsfcnvrt@fmt                                                 cstackBANK5  0005CA
vfsfcnvrt@fp                                                  cstackBANK5  0005C8
vfsfcnvrt@i                                                   cstackBANK5  0005DA
vfsfcnvrt@llu                                                 cstackBANK5  0005D2
vfsfcnvrt@vp                                                  cstackBANK5  0005D0


MODULE INFORMATION

Module		Function		Class		Link	Load	Size
C:\Program Files\Microchip\xc8\v3.00\pic\sources\c99\common\flge.c
		___flge        		CODE           	6FE6	0000	262

C:\Program Files\Microchip\xc8\v3.00\pic\sources\c99\common\flge.c estimated size: 262

C:\Program Files\Microchip\xc8\v3.00\pic\sources\c99\common\__strtoxll.c
		___strtoxll    		CODE           	314E	0000	1390

C:\Program Files\Microchip\xc8\v3.00\pic\sources\c99\common\__strtoxll.c estimated size: 1390

C:\Program Files\Microchip\xc8\v3.00\pic\sources\c99\common\abs.c
		_abs           		CODE           	8418	0000	54

C:\Program Files\Microchip\xc8\v3.00\pic\sources\c99\common\abs.c estimated size: 54

C:\Program Files\Microchip\xc8\v3.00\pic\sources\c99\common\nf_getc.c
		_fgetc         		CODE           	6B94	0000	286
		_ungetc        		CODE           	78D0	0000	184

C:\Program Files\Microchip\xc8\v3.00\pic\sources\c99\common\nf_getc.c estimated size: 470

C:\Program Files\Microchip\xc8\v3.00\pic\sources\c99\common\nf_fputc.c
		_fputc         		CODE           	767A	0000	204

C:\Program Files\Microchip\xc8\v3.00\pic\sources\c99\common\nf_fputc.c estimated size: 204

C:\Program Files\Microchip\xc8\v3.00\pic\sources\c99\common\memcpy.c
		_memcpy        		CODE           	8066	0000	82

C:\Program Files\Microchip\xc8\v3.00\pic\sources\c99\common\memcpy.c estimated size: 82

C:\Program Files\Microchip\xc8\v3.00\pic\sources\c99\common\flneg.c
		___flneg       		CODE           	8332	0000	58

C:\Program Files\Microchip\xc8\v3.00\pic\sources\c99\common\flneg.c estimated size: 58

C:\Program Files\Microchip\xc8\v3.00\pic\sources\c99\common\fabsf.c
		_fabsf         		CODE           	84BA	0000	52

C:\Program Files\Microchip\xc8\v3.00\pic\sources\c99\common\fabsf.c estimated size: 52

C:\Program Files\Microchip\xc8\v3.00\pic\sources\c99\common\doscan.c
		_vfsfcnvrt     		CODE           	520E	0000	1034
		_atou          		CODE           	5D3A	0000	560
		_vfscanf       		CODE           	74DA	0000	208
		_skipws        		CODE           	7D40	0000	116

C:\Program Files\Microchip\xc8\v3.00\pic\sources\c99\common\doscan.c estimated size: 1918

C:\Program Files\Microchip\xc8\v3.00\pic\sources\c99\common\Umul64.c
		___omul        		CODE           	7C2A	0000	160

C:\Program Files\Microchip\xc8\v3.00\pic\sources\c99\common\Umul64.c estimated size: 160

C:\Program Files\Microchip\xc8\v3.00\pic\sources\c99\common\__fpclassifyf.c
		___fpclassifyf 		CODE           	72F6	0000	256

C:\Program Files\Microchip\xc8\v3.00\pic\sources\c99\common\__fpclassifyf.c estimated size: 256

mcc_generated_files/system/src/interrupt.c
		_INT0_SetInterruptHandler		CODE           	86AA	0000	14
		_INT1_SetInterruptHandler		CODE           	869C	0000	14
		_INT2_SetInterruptHandler		CODE           	868E	0000	14
		_INTERRUPT_Initialize		CODE           	81E4	0000	70
		_INTERRUPT_InterruptManager		CODE           	67DC	0000	330

mcc_generated_files/system/src/interrupt.c estimated size: 442

mcc_generated_files/pwm/src/pwm1_16bit.c
		_PWM1_16BIT_Period_SetInterruptHandler		CODE           	8680	0000	14
		_PWM1_16BIT_Slice1Output1_SetInterruptHandler		CODE           	8672	0000	14
		_PWM1_16BIT_Slice1Output2_SetInterruptHandler		CODE           	8664	0000	14
		_PWM1_16BIT_Initialize		CODE           	7DB4	0000	116
		_PWM1_16BIT_LoadBufferRegisters		CODE           	86CC	0000	4
		_PWM1_16BIT_SetSlice1Output1DutyCycleRegister		CODE           	86B8	0000	10
		_PWM1_16BIT_Enable		CODE           	86C8	0000	4

mcc_generated_files/pwm/src/pwm1_16bit.c estimated size: 176

mcc_generated_files/adc/src/adc.c
		_ADC_Initialize		CODE           	7F00	0000	98
		_ADC_ISR       		CODE           	86D4	0000	4
		_ADC_ThresholdISR		CODE           	86D0	0000	4

mcc_generated_files/adc/src/adc.c estimated size: 106

C:\Program Files\Microchip\xc8\v3.00\pic\sources\c99\common\printf.c
		_printf        		CODE           	84EE	0000	38

C:\Program Files\Microchip\xc8\v3.00\pic\sources\c99\common\printf.c estimated size: 38

mcc_generated_files/uart/src/uart1.c
		_UART1_DefaultOverrunErrorCallback		CODE           	86DA	0000	2
		_UART1_IsRxReady		CODE           	861C	0000	22
		_UART1_IsTxReady		CODE           	8604	0000	24
		_UART1_Write   		CODE           	8106	0000	78
		_putch         		CODE           	85A4	0000	34
		_UART1_DefaultParityErrorCallback		CODE           	86D8	0000	2
		_UART1_FramingErrorCallbackRegister		CODE           	8580	0000	36
		_UART1_OverrunErrorCallbackRegister		CODE           	855C	0000	36
		_UART1_ReceiveISR		CODE           	6926	0000	322
		_UART1_Initialize		CODE           	7AE4	0000	164
		_UART1_Read    		CODE           	844E	0000	54
		_getch         		CODE           	8514	0000	36
		_UART1_DefaultFramingErrorCallback		CODE           	86DC	0000	2
		_UART1_TransmitISR		CODE           	83A6	0000	58
		_UART1_ParityErrorCallbackRegister		CODE           	8538	0000	36

mcc_generated_files/uart/src/uart1.c estimated size: 906

C:\Program Files\Microchip\xc8\v3.00\pic\sources\c99\common\lwmod.c
		___lwmod       		CODE           	7E9A	0000	102

C:\Program Files\Microchip\xc8\v3.00\pic\sources\c99\common\lwmod.c estimated size: 102

C:\Program Files\Microchip\xc8\v3.00\pic\sources\c99\common\awmod.c
		___awmod       		CODE           	7988	0000	176

C:\Program Files\Microchip\xc8\v3.00\pic\sources\c99\common\awmod.c estimated size: 176

C:\Program Files\Microchip\xc8\v3.00\pic\sources\c99\common\floorf.c
		_floorf        		CODE           	5F6A	0000	534

C:\Program Files\Microchip\xc8\v3.00\pic\sources\c99\common\floorf.c estimated size: 534

C:\Program Files\Microchip\xc8\v3.00\pic\sources\c99\common\fleq.c
		___fleq        		CODE           	7A38	0000	172

C:\Program Files\Microchip\xc8\v3.00\pic\sources\c99\common\fleq.c estimated size: 172

C:\Program Files\Microchip\xc8\v3.00\pic\sources\c99\common\strncmp.c
		_strncmp       		CODE           	73F6	0000	228

C:\Program Files\Microchip\xc8\v3.00\pic\sources\c99\common\strncmp.c estimated size: 228

C:\Program Files\Microchip\xc8\v3.00\pic\sources\c99\common\sprcmul.c
		___flmul       		CODE           	49C0	0000	1064

C:\Program Files\Microchip\xc8\v3.00\pic\sources\c99\common\sprcmul.c estimated size: 1064

mcc_generated_files/system/src/pins.c
		_PIN_MANAGER_Initialize		CODE           	7B88	0000	162

mcc_generated_files/system/src/pins.c estimated size: 162

C:\Program Files\Microchip\xc8\v3.00\pic\sources\c99\common\sprcdiv.c
		___fldiv       		CODE           	5618	0000	914

C:\Program Files\Microchip\xc8\v3.00\pic\sources\c99\common\sprcdiv.c estimated size: 914

shared
		i2___flneg     		CODE           	83E0	0000	56
		i2___fladd     		CODE           	450A	0000	1206
		i2___fldiv     		CODE           	59AA	0000	912
		i2___fltol     		CODE           	70EC	0000	262
		__initialization		CODE           	8270	0000	62
		i2___flge      		CODE           	71F2	0000	260
		_UART1         		SMALLCONST     	2601	0000	72
		i2___flmul     		CODE           	4DE8	0000	1062
		i2___flsub     		CODE           	822A	0000	70

shared estimated size: 3962

C:\Program Files\Microchip\xc8\v3.00\pic\sources\c99\common\xxtofl.c
		___xxtofl      		CODE           	6338	0000	436

C:\Program Files\Microchip\xc8\v3.00\pic\sources\c99\common\xxtofl.c estimated size: 436

C:\Program Files\Microchip\xc8\v3.00\pic\sources\c99\common\nf_fputs.c
		_fputs         		CODE           	819C	0000	72

C:\Program Files\Microchip\xc8\v3.00\pic\sources\c99\common\nf_fputs.c estimated size: 72

C:\Program Files\Microchip\xc8\v3.00\pic\sources\c99\common\strcpy.c
		_strcpy        		CODE           	82B4	0000	64

C:\Program Files\Microchip\xc8\v3.00\pic\sources\c99\common\strcpy.c estimated size: 64

C:\Program Files\Microchip\xc8\v3.00\pic\sources\c99\common\memset.c
		_memset        		CODE           	836C	0000	58

C:\Program Files\Microchip\xc8\v3.00\pic\sources\c99\common\memset.c estimated size: 58

mcc_generated_files/system/src/clock.c
		_CLOCK_Initialize		CODE           	8632	0000	20

mcc_generated_files/system/src/clock.c estimated size: 20

C:\Program Files\Microchip\xc8\v3.00\pic\sources\c99\common\lwdiv.c
		___lwdiv       		CODE           	7CCA	0000	118

C:\Program Files\Microchip\xc8\v3.00\pic\sources\c99\common\lwdiv.c estimated size: 118

C:\Program Files\Microchip\xc8\v3.00\pic\sources\c99\common\nf_sscanf.c
		_sscanf        		CODE           	80B8	0000	78

C:\Program Files\Microchip\xc8\v3.00\pic\sources\c99\common\nf_sscanf.c estimated size: 78

C:\Program Files\Microchip\xc8\v3.00\pic\sources\c99\common\awdiv.c
		___awdiv       		CODE           	780C	0000	196

C:\Program Files\Microchip\xc8\v3.00\pic\sources\c99\common\awdiv.c estimated size: 196

mcc_generated_files/timer/src/tmr0.c
		_TMR0_DefaultCallback		CODE           	86DE	0000	2
		_TMR0_OverflowCallbackRegister		CODE           	8656	0000	14
		_TMR0_ISR      		CODE           	82F4	0000	62
		_TMR0_Initialize		CODE           	8484	0000	54
		_TMR0_Start    		CODE           	86C2	0000	6

mcc_generated_files/timer/src/tmr0.c estimated size: 138

C:\Program Files\Microchip\xc8\v3.00\pic\sources\c99\common\fltol.c
		___fltol       		CODE           	6EDE	0000	264

C:\Program Files\Microchip\xc8\v3.00\pic\sources\c99\common\fltol.c estimated size: 264

C:\Program Files\Microchip\xc8\v3.00\pic\sources\c99\common\labs.c
		_labs          		CODE           	7FBC	0000	88

C:\Program Files\Microchip\xc8\v3.00\pic\sources\c99\common\labs.c estimated size: 88

main.c
		_Uart_Read_String		CODE           	75AA	0000	208
		_PID_Init      		CODE           	6CB2	0000	280
		_clear_data    		CODE           	85C6	0000	32
		_temporizador_ISR		CODE           	6684	0000	344
		_main          		CODE           	64EC	0000	408
		_setMotor      		CODE           	7F62	0000	90
		_IOC_Initialize		CODE           	8646	0000	16
		_PID_Calculate 		CODE           	36BC	0000	1246

main.c estimated size: 2624

C:\Program Files\Microchip\xc8\v3.00\pic\sources\c99\common\doprnt.c
		_read_prec_or_width		CODE           	7746	0000	198
		_vfpfcnvrt     		CODE           	3B9A	0000	1208
		_efgtoa        		CODE           	26F0	0000	2654
		_pad           		CODE           	7E28	0000	114
		_dtoa          		CODE           	6180	0000	440
		_vfprintf      		CODE           	8014	0000	82
		_stoa          		CODE           	6DCA	0000	276
		_utoa          		CODE           	6A68	0000	300

C:\Program Files\Microchip\xc8\v3.00\pic\sources\c99\common\doprnt.c estimated size: 5272

C:\Program Files\Microchip\xc8\v3.00\pic\sources\c99\common\sprcadd.c
		___flsub       		CODE           	8154	0000	72
		___fladd       		CODE           	4052	0000	1208

C:\Program Files\Microchip\xc8\v3.00\pic\sources\c99\common\sprcadd.c estimated size: 1280

mcc_generated_files/system/src/system.c
		_SYSTEM_Initialize		CODE           	85E6	0000	30

mcc_generated_files/system/src/system.c estimated size: 30

