Microchip MPLAB XC8 Compiler V3.00

Linker command line:

-W-3 \
  --edf=C:/Program Files/Microchip/MPLABX/v6.25/packs/Microchip/PIC18F-Q_DFP/1.27.449/xc8\pic\dat\20250204174324_en.msgs \
  -pivt0x8=08h -cn \
  -h+dist/default/production\controlPosicionMotor1.X.production.sym \
  --cmf=dist/default/production\controlPosicionMotor1.X.production.cmf -z \
  -Q18F57Q43 -oC:\Users\Richard\AppData\Local\Temp\xcBshos.1\driver_tmp_3.o \
  --defsym=__MPLAB_BUILD=1 --fixupoverflow=error \
  -Mdist/default/production/controlPosicionMotor1.X.production.map \
  --md=C:\Users\Richard\AppData\Local\Temp\xcBshos.1\driver_tmp_0.dat -E1 \
  -ver=XC8 Compiler -ACODE=00h-01FFFFh -ACONST=00h-01FFFFh \
  -ASMALLCONST=02600h-026FFhx218,012600h-0126FFhx218 \
  -AMEDIUMCONST=02600h-0FFFFh,012600h-01FFFFh -ACOMRAM=0501h-055Fh \
  -AABS1=0500h-024FFh -ABIGRAM=0501h-024FFh \
  -ARAM=0560h-05FFh,0600h-06FFhx31 -ABANK5=0560h-05FFh -ABANK6=0600h-06FFh \
  -ABANK7=0700h-07FFh -ABANK8=0800h-08FFh -ABANK9=0900h-09FFh \
  -ABANK10=0A00h-0AFFh -ABANK11=0B00h-0BFFh -ABANK12=0C00h-0CFFh \
  -ABANK13=0D00h-0DFFh -ABANK14=0E00h-0EFFh -ABANK15=0F00h-0FFFh \
  -ABANK16=01000h-010FFh -ABANK17=01100h-011FFh -ABANK18=01200h-012FFh \
  -ABANK19=01300h-013FFh -ABANK20=01400h-014FFh -ABANK21=01500h-015FFh \
  -ABANK22=01600h-016FFh -ABANK23=01700h-017FFh -ABANK24=01800h-018FFh \
  -ABANK25=01900h-019FFh -ABANK26=01A00h-01AFFh -ABANK27=01B00h-01BFFh \
  -ABANK28=01C00h-01CFFh -ABANK29=01D00h-01DFFh -ABANK30=01E00h-01EFFh \
  -ABANK31=01F00h-01FFFh -ABANK32=02000h-020FFh -ABANK33=02100h-021FFh \
  -ABANK34=02200h-022FFh -ABANK35=02300h-023FFh -ABANK36=02400h-024FFh \
  -ASFR=00h-0FFhx4,0400h-045Fh,0460h-04FFh,02500h-025FFh \
  -ABIGSFR=00h-04FFh,02500h-025FFh -ACONFIG=0300000h-0300011h \
  -AIDLOC=0200000h-020003Fh -AEEDATA=0380000h-03803FFh -peeprom_data=EEDATA \
  -preset_vec=00h -ppowerup=CODE,init -pramtop=02600h \
  -psmallconst=SMALLCONST -pmediumconst=MEDIUMCONST -pconst=CONST \
  -AFARRAM=00h-00h \
  -prdata=COMRAM,nvrram=COMRAM,nvbit=COMRAM,rbss=COMRAM,rbit=COMRAM \
  -pfarbss=FARRAM,fardata=FARRAM,nvFARRAM=FARRAM \
  -pintsave_regs=BIGRAM,bigbss=BIGRAM,bigdata=BIGRAM -pbss=RAM \
  -pidata=CODE,irdata=CODE,ibigdata=CODE,ifardata=CODE -prparam=COMRAM \
  C:\Users\Richard\AppData\Local\Temp\xcBshos.1\driver_tmp_19.o \
  dist/default/production\controlPosicionMotor1.X.production.o 

Object code version is 3.11

Machine type is 18F57Q43



                Name                               Link     Load   Length Selector   Space Scale
C:\Users\Richard\AppData\Local\Temp\xcBshos.1\driver_tmp_19.o
                config                           300000   300000        A        0       4
                init                                 1A       1A        4        4       0
                reset_vec                             0        0        4        0       0
dist/default/production\controlPosicionMotor1.X.production.o
                config                           300000   300000        A        0       4
                smallconst                         2600     2600       E2     1300       0
                ivt0x8                                8        8       12        4       0
                text103                            95E8     95E8        4     1371       0
                text102                            95E4     95E4        4     1371       0
                text101                            6CC6     6CC6      1B4     1371       0
                text100                            93C2     93C2       34     1371       0
                text99                             8FE8     8FE8       50     1371       0
                text98                             7D98     7D98      104     1371       0
                text97                             7F9C     7F9C       FE     1371       0
                text96                             7748     7748      11E     1371       0
                text95                             762A     762A      11E     1371       0
                text94                             44E8     44E8      4B6     1371       0
                text93                             598A     598A      390     1371       0
                text92                             8878     8878       AA     1371       0
                text91                             4DC6     4DC6      426     1371       0
                text90                             4032     4032      4B6     1371       0
                text89                             91AA     91AA       46     1371       0
                text88                             797A     797A      10A     1371       0
                text87                             809A     809A       E6     1371       0
                text86                             6E7A     6E7A      196     1371       0
                text85                             5D1A     5D1A      2CA     1371       0
                text84                             625A     625A      252     1371       0
                text83                             5FE4     5FE4      276     1371       0
                text82                             95E0     95E0        4     1371       0
                text81                             95CC     95CC        A     1371       0
                text80                             7C92     7C92      106     1371       0
                text79                             8E92     8E92       5A     1371       0
                text78                             6902     6902      202     1371       0
                text77                             95F2     95F2        2     1371       0
                text76                             9230     9230       40     1371       0
                text75                             95F0     95F0        2     1371       0
                text74                             95EE     95EE        2     1371       0
                text73                             95EC     95EC        2     1371       0
                text72                             715A     715A      144     1371       0
                text71                             92E4     92E4       3A     1371       0
                text70                             7010     7010      14A     1371       0
                text69                             954E     954E       10     1371       0
                text68                             95DC     95DC        4     1371       0
                text67                             8E30     8E30       62     1371       0
                text66                             953A     953A       14     1371       0
                text65                             95B2     95B2        E     1371       0
                text64                             95A4     95A4        E     1371       0
                text63                             9596     9596        E     1371       0
                text62                             9164     9164       46     1371       0
                text61                             89C6     89C6       A2     1371       0
                text60                             9588     9588        E     1371       0
                text59                             957A     957A        E     1371       0
                text58                             956C     956C        E     1371       0
                text57                             8CE4     8CE4       74     1371       0
                text56                             931E     931E       38     1371       0
                text55                             9486     9486       24     1371       0
                text54                             9462     9462       24     1371       0
                text53                             943E     943E       24     1371       0
                text52                             8922     8922       A4     1371       0
                text51                             94EC     94EC       1E     1371       0
                text50                             955E     955E        E     1371       0
                text49                             95D6     95D6        6     1371       0
                text48                             9522     9522       18     1371       0
                text47                             938C     938C       36     1371       0
                text46                             833E     833E       D0     1371       0
                text45                             92AA     92AA       3A     1371       0
                text44                             94CC     94CC       20     1371       0
                text43                             85A0     85A0       C4     1371       0
                text42                             871C     871C       B0     1371       0
                text41                             9356     9356       36     1371       0
                text40                             950A     950A       18     1371       0
                text39                             9086     9086       4E     1371       0
                text38                             94AA     94AA       22     1371       0
                text37                             840E     840E       CC     1371       0
                text36                             911C     911C       48     1371       0
                text35                             8D58     8D58       72     1371       0
                text34                             6B04     6B04      1C2     1371       0
                text33                             55F8     55F8      392     1371       0
                text32                             87CC     87CC       AC     1371       0
                text31                             7B8C     7B8C      106     1371       0
                text30                             499E     499E      428     1371       0
                text29                             9270     9270       3A     1371       0
                text28                             3B7A     3B7A      4B8     1371       0
                text27                             90D4     90D4       48     1371       0
                text26                             7A84     7A84      108     1371       0
                text25                             7E9C     7E9C      100     1371       0
                text24                             66EC     66EC      216     1371       0
                text23                             8EEC     8EEC       58     1371       0
                text22                             8F96     8F96       52     1371       0
                text21                             91F0     91F0       40     1371       0
                text20                             26E2     26E2      A64     1371       0
                text19                             84DA     84DA       C6     1371       0
                text18                             7866     7866      114     1371       0
                text17                             8BFA     8BFA       76     1371       0
                text16                             8DCA     8DCA       66     1371       0
                text15                             73D6     73D6      136     1371       0
                text14                             36BC     36BC      4BE     1371       0
                text13                             8F44     8F44       52     1371       0
                text12                             941A     941A       24     1371       0
                text11                             8A68     8A68       A0     1371       0
                text10                             3146     3146      576     1371       0
                text9                              93F6     93F6       24     1371       0
                text8                              750C     750C      11E     1371       0
                text7                              8664     8664       B8     1371       0
                text6                              8C70     8C70       74     1371       0
                text5                              64AC     64AC      240     1371       0
                text4                              8180     8180       E4     1371       0
                text3                              51EC     51EC      40C     1371       0
                text2                              8264     8264       DA     1371       0
                text1                              9038     9038       4E     1371       0
                text0                              729E     729E      138     1371       0
                cstackCOMRAM                        501      501       5E      501       1
                cstackBANK5                         560      560       8B      560       1
                cstackBANK6                         6C6      6C6       15      600       1
                cstackBANK8                         800      800        B      800       1
                dataBANK7                           780      780       78      700       1
                bssBANK7                            700      700       80      700       1
                dataBANK6                           6ED      6ED        C      600       1
                bssBANK6                            600      600       C6      600       1
                bssBANK5                            5EB      5EB        A      560       1
                bssCOMRAM                           55F      55F        1      501       1
                cinit                              8B08     8B08       7A     1371       0
                nvBANK6                             6DB      6DB       12      600       1
                idataBANK7                         8B82     8B82       78     1371       0
                idataBANK6                         95C0     95C0        C     1371       0

TOTAL           Name                               Link     Load   Length     Space
        CLASS   CODE           
                init                                 1A       1A        4         0
                reset_vec                             0        0        4         0
                ivt0x8                                8        8       12         0
                text103                            95E8     95E8        4         0
                text102                            95E4     95E4        4         0
                text101                            6CC6     6CC6      1B4         0
                text100                            93C2     93C2       34         0
                text99                             8FE8     8FE8       50         0
                text98                             7D98     7D98      104         0
                text97                             7F9C     7F9C       FE         0
                text96                             7748     7748      11E         0
                text95                             762A     762A      11E         0
                text94                             44E8     44E8      4B6         0
                text93                             598A     598A      390         0
                text92                             8878     8878       AA         0
                text91                             4DC6     4DC6      426         0
                text90                             4032     4032      4B6         0
                text89                             91AA     91AA       46         0
                text88                             797A     797A      10A         0
                text87                             809A     809A       E6         0
                text86                             6E7A     6E7A      196         0
                text85                             5D1A     5D1A      2CA         0
                text84                             625A     625A      252         0
                text83                             5FE4     5FE4      276         0
                text82                             95E0     95E0        4         0
                text81                             95CC     95CC        A         0
                text80                             7C92     7C92      106         0
                text79                             8E92     8E92       5A         0
                text78                             6902     6902      202         0
                text77                             95F2     95F2        2         0
                text76                             9230     9230       40         0
                text75                             95F0     95F0        2         0
                text74                             95EE     95EE        2         0
                text73                             95EC     95EC        2         0
                text72                             715A     715A      144         0
                text71                             92E4     92E4       3A         0
                text70                             7010     7010      14A         0
                text69                             954E     954E       10         0
                text68                             95DC     95DC        4         0
                text67                             8E30     8E30       62         0
                text66                             953A     953A       14         0
                text65                             95B2     95B2        E         0
                text64                             95A4     95A4        E         0
                text63                             9596     9596        E         0
                text62                             9164     9164       46         0
                text61                             89C6     89C6       A2         0
                text60                             9588     9588        E         0
                text59                             957A     957A        E         0
                text58                             956C     956C        E         0
                text57                             8CE4     8CE4       74         0
                text56                             931E     931E       38         0
                text55                             9486     9486       24         0
                text54                             9462     9462       24         0
                text53                             943E     943E       24         0
                text52                             8922     8922       A4         0
                text51                             94EC     94EC       1E         0
                text50                             955E     955E        E         0
                text49                             95D6     95D6        6         0
                text48                             9522     9522       18         0
                text47                             938C     938C       36         0
                text46                             833E     833E       D0         0
                text45                             92AA     92AA       3A         0
                text44                             94CC     94CC       20         0
                text43                             85A0     85A0       C4         0
                text42                             871C     871C       B0         0
                text41                             9356     9356       36         0
                text40                             950A     950A       18         0
                text39                             9086     9086       4E         0
                text38                             94AA     94AA       22         0
                text37                             840E     840E       CC         0
                text36                             911C     911C       48         0
                text35                             8D58     8D58       72         0
                text34                             6B04     6B04      1C2         0
                text33                             55F8     55F8      392         0
                text32                             87CC     87CC       AC         0
                text31                             7B8C     7B8C      106         0
                text30                             499E     499E      428         0
                text29                             9270     9270       3A         0
                text28                             3B7A     3B7A      4B8         0
                text27                             90D4     90D4       48         0
                text26                             7A84     7A84      108         0
                text25                             7E9C     7E9C      100         0
                text24                             66EC     66EC      216         0
                text23                             8EEC     8EEC       58         0
                text22                             8F96     8F96       52         0
                text21                             91F0     91F0       40         0
                text20                             26E2     26E2      A64         0
                text19                             84DA     84DA       C6         0
                text18                             7866     7866      114         0
                text17                             8BFA     8BFA       76         0
                text16                             8DCA     8DCA       66         0
                text15                             73D6     73D6      136         0
                text14                             36BC     36BC      4BE         0
                text13                             8F44     8F44       52         0
                text12                             941A     941A       24         0
                text11                             8A68     8A68       A0         0
                text10                             3146     3146      576         0
                text9                              93F6     93F6       24         0
                text8                              750C     750C      11E         0
                text7                              8664     8664       B8         0
                text6                              8C70     8C70       74         0
                text5                              64AC     64AC      240         0
                text4                              8180     8180       E4         0
                text3                              51EC     51EC      40C         0
                text2                              8264     8264       DA         0
                text1                              9038     9038       4E         0
                text0                              729E     729E      138         0
                cinit                              8B08     8B08       7A         0
                idataBANK7                         8B82     8B82       78         0
                idataBANK6                         95C0     95C0        C         0

        CLASS   CONST          

        CLASS   SMALLCONST     
                smallconst                         2600     2600       E2         0

        CLASS   MEDIUMCONST    

        CLASS   COMRAM         
                cstackCOMRAM                        501      501       5E         1
                bssCOMRAM                           55F      55F        1         1

        CLASS   ABS1           

        CLASS   BIGRAM         

        CLASS   RAM            

        CLASS   BANK5          
                cstackBANK5                         560      560       8B         1
                bssBANK5                            5EB      5EB        A         1

        CLASS   BANK6          
                cstackBANK6                         6C6      6C6       15         1
                dataBANK6                           6ED      6ED        C         1
                bssBANK6                            600      600       C6         1
                nvBANK6                             6DB      6DB       12         1

        CLASS   BANK7          
                dataBANK7                           780      780       78         1
                bssBANK7                            700      700       80         1

        CLASS   BANK8          
                cstackBANK8                         800      800        B         1

        CLASS   BANK9          

        CLASS   BANK10         

        CLASS   BANK11         

        CLASS   BANK12         

        CLASS   BANK13         

        CLASS   BANK14         

        CLASS   BANK15         

        CLASS   BANK16         

        CLASS   BANK17         

        CLASS   BANK18         

        CLASS   BANK19         

        CLASS   BANK20         

        CLASS   BANK21         

        CLASS   BANK22         

        CLASS   BANK23         

        CLASS   BANK24         

        CLASS   BANK25         

        CLASS   BANK26         

        CLASS   BANK27         

        CLASS   BANK28         

        CLASS   BANK29         

        CLASS   BANK30         

        CLASS   BANK31         

        CLASS   BANK32         

        CLASS   BANK33         

        CLASS   BANK34         

        CLASS   BANK35         

        CLASS   BANK36         

        CLASS   SFR            

        CLASS   BIGSFR         

        CLASS   CONFIG         
                config                           300000   300000        A         4

        CLASS   IDLOC          

        CLASS   EEDATA         

        CLASS   FARRAM         

        CLASS   HEAP           

        CLASS   STACK          



SEGMENTS        Name                           Load    Length   Top    Selector   Space  Class

                reset_vec                      000000  000004  000004         0       0  CODE    
                ivt0x8                         000008  000016  00001E         4       0  CODE    
                cstackCOMRAM                   000501  00005F  000560       501       1  COMRAM  
                cstackBANK5                    000560  000095  0005F5       560       1  BANK5   
                bssBANK6                       000600  0000F9  0006F9       600       1  BANK6   
                bssBANK7                       000700  0000F8  0007F8       700       1  BANK7   
                cstackBANK8                    000800  00000B  00080B       800       1  BANK8   
                smallconst                     002600  0000E2  0026E2      1300       0  SMALLCON
                text20                         0026E2  006F12  0095F4      1371       0  CODE    


UNUSED ADDRESS RANGES

        Name                Unused          Largest block    Delta
        BANK10           000A00-000AFF              100
        BANK11           000B00-000BFF              100
        BANK12           000C00-000CFF              100
        BANK13           000D00-000DFF              100
        BANK14           000E00-000EFF              100
        BANK15           000F00-000FFF              100
        BANK16           001000-0010FF              100
        BANK17           001100-0011FF              100
        BANK18           001200-0012FF              100
        BANK19           001300-0013FF              100
        BANK20           001400-0014FF              100
        BANK21           001500-0015FF              100
        BANK22           001600-0016FF              100
        BANK23           001700-0017FF              100
        BANK24           001800-0018FF              100
        BANK25           001900-0019FF              100
        BANK26           001A00-001AFF              100
        BANK27           001B00-001BFF              100
        BANK28           001C00-001CFF              100
        BANK29           001D00-001DFF              100
        BANK30           001E00-001EFF              100
        BANK31           001F00-001FFF              100
        BANK32           002000-0020FF              100
        BANK33           002100-0021FF              100
        BANK34           002200-0022FF              100
        BANK35           002300-0023FF              100
        BANK36           002400-0024FF              100
        BANK5            0005F5-0005FF                B
        BANK6            0006F9-0006FF                7
        BANK7            0007F8-0007FF                8
        BANK8            00080B-0008FF               F5
        BANK9            000900-0009FF              100
        BIGRAM           0005F5-0005FF                B
                         0006F9-0006FF                7
                         0007F8-0007FF                8
                         00080B-0024FF             1CF5
        BIGSFR           000000-0004FF              500
                         002500-0025FF              100
        CODE             000004-000007                4
                         00001E-0025FF             25E2
                         0095F4-01FFFF            16A0C
        CONFIG           30000A-300011                8
        CONST            000004-000007                4
                         00001E-0025FF             25E2
                         0095F4-01FFFF            16A0C
        EEDATA           380000-3803FF              400
        IDLOC            200000-20003F               40
        MEDIUMCONST      0095F4-00FFFF             6A0C
                         012600-01FFFF             DA00
        RAM              0005F5-0005FF                B
                         0006F9-0006FF                7
                         0007F8-0007FF                8
                         00080B-0024FF              100
        SFR              000000-0004FF              100
                         002500-0025FF              100
        SMALLCONST       0095F4-00FFFF              100
                         012600-01FFFF              100

                                  Symbol Table

?___awdiv                                                     cstackBANK5  00056A
?___awmod                                                     cstackBANK5  00056A
?___fladd                                                     cstackBANK5  00056A
?___fldiv                                                     cstackBANK5  00056A
?___flmul                                                     cstackBANK5  00056A
?___flneg                                                     cstackBANK5  00056A
?___flsub                                                     cstackBANK5  000583
?___fltol                                                     cstackBANK5  00056A
?___fpclassifyf                                               cstackBANK5  00056A
?___lwdiv                                                     cstackBANK5  00056A
?___lwmod                                                     cstackBANK5  00056A
?___omul                                                      cstackBANK5  00056A
?___signbitf                                                  cstackCOMRAM 000501
?___strtoxll                                                  cstackBANK5  000582
?___xxtofl                                                    cstackCOMRAM 000501
?_abs                                                         cstackBANK5  000570
?_atou                                                        cstackBANK5  0005B2
?_calculateNegativeControlValue                               cstackCOMRAM 00054B
?_calculatePositiveControlValue                               cstackCOMRAM 00054B
?_calculateZeroControlValue                                   cstackCOMRAM 00054B
?_fabsf                                                       cstackCOMRAM 000501
?_fgetc                                                       cstackBANK5  00056F
?_floorf                                                      cstackBANK5  000583
?_fmaxf                                                       cstackCOMRAM 00050F
?_fminf                                                       cstackCOMRAM 00050F
?_getch                                                       cstackBANK5  00056C
?_labs                                                        cstackBANK5  00056A
?_printf                                                      cstackBANK6  0006C6
?_read_prec_or_width                                          cstackBANK5  00056A
?_sscanf                                                      cstackBANK5  0005E6
?_strncmp                                                     cstackBANK5  00056A
?_trapezoidalMembership                                       cstackCOMRAM 00054B
?_triangularMembership                                        cstackCOMRAM 00054B
?_vfprintf                                                    cstackBANK5  0005DB
?_vfscanf                                                     cstackBANK5  0005DC
?_vfsfcnvrt                                                   cstackBANK5  0005C6
?i2___fladd                                                   cstackCOMRAM 000501
?i2___fldiv                                                   cstackCOMRAM 000532
?i2___flmul                                                   cstackCOMRAM 000519
?i2___flsub                                                   cstackCOMRAM 000511
?i2___fltol                                                   cstackCOMRAM 000501
?i2___fpclassifyf                                             cstackCOMRAM 000501
INT0_SetInterruptHandler@InterruptHandler                     cstackBANK5  00056A
INT1_SetInterruptHandler@InterruptHandler                     cstackBANK5  00056A
INT2_SetInterruptHandler@InterruptHandler                     cstackBANK5  00056A
IVTBASEH                                                      (abs)        00045E
IVTBASEL                                                      (abs)        00045D
IVTBASEU                                                      (abs)        00045F
PWM1_16BIT_Period_SetInterruptHandler@InterruptHandler        cstackBANK5  00056A
PWM1_16BIT_SetSlice1Output1DutyCycleRegister@registerValue    cstackCOMRAM 00050B
PWM1_16BIT_Slice1Output1_SetInterruptHandler@InterruptHandler cstackBANK5  00056A
PWM1_16BIT_Slice1Output2_SetInterruptHandler@InterruptHandler cstackBANK5  00056A
TMR0_OverflowCallbackRegister@callbackHandler                 cstackBANK5  00056A
UART1_FramingErrorCallbackRegister@callbackHandler            cstackBANK5  00056A
UART1_OverrunErrorCallbackRegister@callbackHandler            cstackBANK5  00056A
UART1_ParityErrorCallbackRegister@callbackHandler             cstackBANK5  00056A
UART1_Read@readValue                                          cstackBANK5  00056B
UART1_Read@tempRxTail                                         cstackBANK5  00056A
UART1_ReceiveISR@regValue                                     cstackCOMRAM 000501
UART1_ReceiveISR@tempRxHead                                   cstackCOMRAM 000502
UART1_TransmitISR@tempTxTail                                  cstackCOMRAM 000501
UART1_Write@tempTxHead                                        cstackBANK5  00056A
UART1_Write@txData                                            cstackBANK5  00056B
Uart_Read_String@Buf                                          cstackBANK5  00056C
Uart_Read_String@c                                            cstackBANK5  000576
Uart_Read_String@cont_buf                                     cstackBANK5  000577
Uart_Read_String@s_buf                                        cstackBANK5  00056E
Uart_Read_String@timeout                                      cstackBANK5  000572
_ACTCON                                                       (abs)        0000AC
_ADACCH                                                       (abs)        0003E4
_ADACCL                                                       (abs)        0003E3
_ADACCU                                                       (abs)        0003E5
_ADACQH                                                       (abs)        0003EF
_ADACQL                                                       (abs)        0003EE
_ADACT                                                        (abs)        0003F9
_ADCAP                                                        (abs)        0003F0
_ADCLK                                                        (abs)        0003FA
_ADCNT                                                        (abs)        0003E6
_ADCON0                                                       (abs)        0003F3
_ADCON0bits                                                   (abs)        0003F3
_ADCON1                                                       (abs)        0003F4
_ADCON1bits                                                   (abs)        0003F4
_ADCON2                                                       (abs)        0003F5
_ADCON2bits                                                   (abs)        0003F5
_ADCON3                                                       (abs)        0003F6
_ADCON3bits                                                   (abs)        0003F6
_ADCP                                                         (abs)        0003D8
_ADCPbits                                                     (abs)        0003D8
_ADC_ConversionDoneCallback                                   bssBANK6     0006A6
_ADC_ISR                                                      text103      0095E8
_ADC_Initialize                                               text67       008E30
_ADC_ThresholdCallback                                        bssBANK6     0006A3
_ADC_ThresholdISR                                             text102      0095E4
_ADERRH                                                       (abs)        0003DE
_ADERRL                                                       (abs)        0003DD
_ADFLTRH                                                      (abs)        0003E2
_ADFLTRL                                                      (abs)        0003E1
_ADLTHH                                                       (abs)        0003DA
_ADLTHL                                                       (abs)        0003D9
_ADPCH                                                        (abs)        0003EC
_ADPREH                                                       (abs)        0003F2
_ADPREL                                                       (abs)        0003F1
_ADPREVH                                                      (abs)        0003E9
_ADPREVL                                                      (abs)        0003E8
_ADREF                                                        (abs)        0003F8
_ADRESH                                                       (abs)        0003EB
_ADRESL                                                       (abs)        0003EA
_ADRPT                                                        (abs)        0003E7
_ADSTAT                                                       (abs)        0003F7
_ADSTATbits                                                   (abs)        0003F7
_ADSTPTH                                                      (abs)        0003E0
_ADSTPTL                                                      (abs)        0003DF
_ADUTHH                                                       (abs)        0003DC
_ADUTHL                                                       (abs)        0003DB
_ANSELA                                                       (abs)        000400
_ANSELB                                                       (abs)        000408
_ANSELC                                                       (abs)        000410
_ANSELD                                                       (abs)        000418
_ANSELE                                                       (abs)        000420
_ANSELF                                                       (abs)        000428
_CLOCK_Initialize                                             text66       00953A
_INLVLA                                                       (abs)        000404
_INLVLB                                                       (abs)        00040C
_INLVLC                                                       (abs)        000414
_INLVLD                                                       (abs)        00041C
_INLVLE                                                       (abs)        000424
_INLVLF                                                       (abs)        00042C
_INT0_DefaultInterruptHandler                                 (abs)        000000
_INT0_InterruptHandler                                        bssBANK6     0006A0
_INT0_SetInterruptHandler                                     text65       0095B2
_INT1_DefaultInterruptHandler                                 (abs)        000000
_INT1_InterruptHandler                                        bssBANK6     00069D
_INT1_SetInterruptHandler                                     text64       0095A4
_INT2_DefaultInterruptHandler                                 (abs)        000000
_INT2_InterruptHandler                                        bssBANK6     00069A
_INT2_SetInterruptHandler                                     text63       009596
_INTCON0bits                                                  (abs)        0004D6
_INTERRUPT_Initialize                                         text62       009164
_INTERRUPT_InterruptManager                                   text70       007010
_IOCAF                                                        (abs)        000407
_IOCAFbits                                                    (abs)        000407
_IOCAN                                                        (abs)        000406
_IOCANbits                                                    (abs)        000406
_IOCAP                                                        (abs)        000405
_IOCAPbits                                                    (abs)        000405
_IOCBF                                                        (abs)        00040F
_IOCBN                                                        (abs)        00040E
_IOCBP                                                        (abs)        00040D
_IOCCF                                                        (abs)        000417
_IOCCN                                                        (abs)        000416
_IOCCP                                                        (abs)        000415
_IOCEF                                                        (abs)        000427
_IOCEN                                                        (abs)        000426
_IOCEP                                                        (abs)        000425
_IOC_Initialize                                               text69       00954E
_LATA                                                         (abs)        0004BE
_LATB                                                         (abs)        0004BF
_LATBbits                                                     (abs)        0004BF
_LATC                                                         (abs)        0004C0
_LATCbits                                                     (abs)        0004C0
_LATD                                                         (abs)        0004C1
_LATE                                                         (abs)        0004C2
_LATF                                                         (abs)        0004C3
_ODCONA                                                       (abs)        000402
_ODCONB                                                       (abs)        00040A
_ODCONC                                                       (abs)        000412
_ODCOND                                                       (abs)        00041A
_ODCONE                                                       (abs)        000422
_ODCONF                                                       (abs)        00042A
_OSCCON1                                                      (abs)        0000AD
_OSCCON3                                                      (abs)        0000AF
_OSCEN                                                        (abs)        0000B3
_OSCFRQ                                                       (abs)        0000B1
_OSCTUNE                                                      (abs)        0000B0
_PIE0bits                                                     (abs)        00049E
_PIE1bits                                                     (abs)        00049F
_PIE2bits                                                     (abs)        0004A0
_PIE3bits                                                     (abs)        0004A1
_PIE4bits                                                     (abs)        0004A2
_PIN_MANAGER_Initialize                                       text61       0089C6
_PIR0bits                                                     (abs)        0004AE
_PIR10bits                                                    (abs)        0004B8
_PIR1bits                                                     (abs)        0004AF
_PIR2bits                                                     (abs)        0004B0
_PIR3bits                                                     (abs)        0004B1
_PIR4bits                                                     (abs)        0004B2
_PIR6bits                                                     (abs)        0004B4
_PORTAbits                                                    (abs)        0004CE
_PWM1CLK                                                      (abs)        000461
_PWM1CON                                                      (abs)        000469
_PWM1CONbits                                                  (abs)        000469
_PWM1CPRE                                                     (abs)        000465
_PWM1ERS                                                      (abs)        000460
_PWM1GIE                                                      (abs)        000468
_PWM1GIEbits                                                  (abs)        000468
_PWM1GIR                                                      (abs)        000467
_PWM1GIRbits                                                  (abs)        000467
_PWM1LDS                                                      (abs)        000462
_PWM1PIPOS                                                    (abs)        000466
_PWM1PRH                                                      (abs)        000464
_PWM1PRL                                                      (abs)        000463
_PWM1S1CFG                                                    (abs)        00046A
_PWM1S1P1H                                                    (abs)        00046C
_PWM1S1P1L                                                    (abs)        00046B
_PWM1S1P2H                                                    (abs)        00046E
_PWM1S1P2L                                                    (abs)        00046D
_PWM1_16BIT_Enable                                            text68       0095DC
_PWM1_16BIT_Initialize                                        text57       008CE4
_PWM1_16BIT_LoadBufferRegisters                               text82       0095E0
_PWM1_16BIT_Period_DefaultInterruptHandler                    (abs)        000000
_PWM1_16BIT_Period_InterruptHandler                           nvBANK6      0006E4
_PWM1_16BIT_Period_SetInterruptHandler                        text60       009588
_PWM1_16BIT_SetSlice1Output1DutyCycleRegister                 text81       0095CC
_PWM1_16BIT_Slice1Output1_DefaultInterruptHandler             (abs)        000000
_PWM1_16BIT_Slice1Output1_InterruptHandler                    nvBANK6      0006EA
_PWM1_16BIT_Slice1Output1_SetInterruptHandler                 text59       00957A
_PWM1_16BIT_Slice1Output2_DefaultInterruptHandler             (abs)        000000
_PWM1_16BIT_Slice1Output2_InterruptHandler                    nvBANK6      0006E7
_PWM1_16BIT_Slice1Output2_SetInterruptHandler                 text58       00956C
_RB1I2C                                                       (abs)        000289
_RB2I2C                                                       (abs)        000288
_RC1PPS                                                       (abs)        000212
_RC2PPS                                                       (abs)        000213
_RC3I2C                                                       (abs)        000287
_RC4I2C                                                       (abs)        000286
_RF0PPS                                                       (abs)        000229
_SLRCONA                                                      (abs)        000403
_SLRCONB                                                      (abs)        00040B
_SLRCONC                                                      (abs)        000413
_SLRCOND                                                      (abs)        00041B
_SLRCONE                                                      (abs)        000423
_SLRCONF                                                      (abs)        00042B
_SYSTEM_Initialize                                            text51       0094EC
_T0CON0                                                       (abs)        00031A
_T0CON0bits                                                   (abs)        00031A
_T0CON1                                                       (abs)        00031B
_TMR0H                                                        (abs)        000319
_TMR0L                                                        (abs)        000318
_TMR0_DefaultCallback                                         text77       0095F2
_TMR0_ISR                                                     text76       009230
_TMR0_Initialize                                              text56       00931E
_TMR0_OverflowCallback                                        nvBANK6      0006DB
_TMR0_OverflowCallbackRegister                                text50       00955E
_TMR0_Start                                                   text49       0095D6
_TRISA                                                        (abs)        0004C6
_TRISB                                                        (abs)        0004C7
_TRISC                                                        (abs)        0004C8
_TRISD                                                        (abs)        0004C9
_TRISE                                                        (abs)        0004CA
_TRISF                                                        (abs)        0004CB
_U1BRGH                                                       (abs)        0002AF
_U1BRGL                                                       (abs)        0002AE
_U1CON0                                                       (abs)        0002AB
_U1CON0bits                                                   (abs)        0002AB
_U1CON1                                                       (abs)        0002AC
_U1CON1bits                                                   (abs)        0002AC
_U1CON2                                                       (abs)        0002AD
_U1ERRIE                                                      (abs)        0002B3
_U1ERRIR                                                      (abs)        0002B2
_U1ERRIRbits                                                  (abs)        0002B2
_U1FIFO                                                       (abs)        0002B0
_U1P1H                                                        (abs)        0002A6
_U1P1L                                                        (abs)        0002A5
_U1P2H                                                        (abs)        0002A8
_U1P2L                                                        (abs)        0002A7
_U1P3H                                                        (abs)        0002AA
_U1P3L                                                        (abs)        0002A9
_U1RXB                                                        (abs)        0002A1
_U1RXCHK                                                      (abs)        0002A2
_U1RXPPS                                                      (abs)        000272
_U1TXB                                                        (abs)        0002A3
_U1TXCHK                                                      (abs)        0002A4
_U1UIR                                                        (abs)        0002B1
_U1UIRbits                                                    (abs)        0002B1
_UART1                                                        smallconst   002601
_UART1_AutoBaudQuery                                          (abs)        000000
_UART1_AutoBaudSet                                            (abs)        000000
_UART1_DefaultFramingErrorCallback                            text75       0095F0
_UART1_DefaultOverrunErrorCallback                            text74       0095EE
_UART1_DefaultParityErrorCallback                             text73       0095EC
_UART1_Deinitialize                                           (abs)        000000
_UART1_ErrorGet                                               (abs)        000000
_UART1_FramingErrorCallbackRegister                           text55       009486
_UART1_FramingErrorHandler                                    bssBANK6     000697
_UART1_Initialize                                             text52       008922
_UART1_IsRxReady                                              text48       009522
_UART1_IsTxDone                                               (abs)        000000
_UART1_IsTxReady                                              text40       00950A
_UART1_OverrunErrorCallbackRegister                           text54       009462
_UART1_OverrunErrorHandler                                    bssBANK6     000694
_UART1_ParityErrorCallbackRegister                            text53       00943E
_UART1_ParityErrorHandler                                     bssBANK6     000691
_UART1_Read                                                   text47       00938C
_UART1_ReceiveISR                                             text72       00715A
_UART1_RxCompleteCallbackRegister                             (abs)        000000
_UART1_RxCompleteInterruptHandler                             bssBANK6     00068B
_UART1_RxInterruptHandler                                     nvBANK6      0006DE
_UART1_TransmitDisable                                        (abs)        000000
_UART1_TransmitEnable                                         (abs)        000000
_UART1_TransmitISR                                            text71       0092E4
_UART1_TxCompleteCallbackRegister                             (abs)        000000
_UART1_TxCompleteInterruptHandler                             bssBANK6     00068E
_UART1_TxInterruptHandler                                     nvBANK6      0006E1
_UART1_Write                                                  text39       009086
_Uart_Read_String                                             text46       00833E
_WPUA                                                         (abs)        000401
_WPUB                                                         (abs)        000409
_WPUC                                                         (abs)        000411
_WPUD                                                         (abs)        000419
_WPUE                                                         (abs)        000421
_WPUF                                                         (abs)        000429
__HRAM                                                        (abs)        000000
__H__absolute__                                               __absolute__ 000000
__Habs1                                                       abs1         000000
__Hbank10                                                     bank10       000000
__Hbank11                                                     bank11       000000
__Hbank12                                                     bank12       000000
__Hbank13                                                     bank13       000000
__Hbank14                                                     bank14       000000
__Hbank15                                                     bank15       000000
__Hbank16                                                     bank16       000000
__Hbank17                                                     bank17       000000
__Hbank18                                                     bank18       000000
__Hbank19                                                     bank19       000000
__Hbank20                                                     bank20       000000
__Hbank21                                                     bank21       000000
__Hbank22                                                     bank22       000000
__Hbank23                                                     bank23       000000
__Hbank24                                                     bank24       000000
__Hbank25                                                     bank25       000000
__Hbank26                                                     bank26       000000
__Hbank27                                                     bank27       000000
__Hbank28                                                     bank28       000000
__Hbank29                                                     bank29       000000
__Hbank30                                                     bank30       000000
__Hbank31                                                     bank31       000000
__Hbank32                                                     bank32       000000
__Hbank33                                                     bank33       000000
__Hbank34                                                     bank34       000000
__Hbank35                                                     bank35       000000
__Hbank36                                                     bank36       000000
__Hbank5                                                      bank5        000000
__Hbank6                                                      bank6        000000
__Hbank7                                                      bank7        000000
__Hbank8                                                      bank8        000000
__Hbank9                                                      bank9        000000
__Hbigbss                                                     bigbss       000000
__Hbigdata                                                    bigdata      000000
__Hbigram                                                     bigram       000000
__Hbigsfr                                                     bigsfr       000000
__Hbss                                                        bss          000000
__HbssBANK5                                                   bssBANK5     000000
__HbssBANK6                                                   bssBANK6     000000
__HbssBANK7                                                   bssBANK7     000000
__HbssCOMRAM                                                  bssCOMRAM    000000
__Hcinit                                                      cinit        000000
__Hclrtext                                                    clrtext      000000
__Hcomram                                                     comram       000000
__Hconfig                                                     config       30000A
__Hconst                                                      const        000000
__HcstackBANK5                                                cstackBANK5  000000
__HcstackBANK6                                                cstackBANK6  000000
__HcstackBANK8                                                cstackBANK8  000000
__HcstackCOMRAM                                               cstackCOMRAM 000000
__Hdata                                                       data         000000
__HdataBANK6                                                  dataBANK6    000000
__HdataBANK7                                                  dataBANK7    000000
__Heeprom_data                                                eeprom_data  000000
__Hfarbss                                                     farbss       000000
__Hfardata                                                    fardata      000000
__Hheap                                                       heap         000000
__Hibigdata                                                   ibigdata     000000
__Hidata                                                      idata        000000
__HidataBANK6                                                 idataBANK6   000000
__HidataBANK7                                                 idataBANK7   000000
__Hidloc                                                      idloc        000000
__Hifardata                                                   ifardata     000000
__Hinit                                                       init         00001E
__Hintsave_regs                                               intsave_regs 000000
__Hirdata                                                     irdata       000000
__Hivt0x8                                                     ivt0x8       00001A
__Hmediumconst                                                mediumconst  000000
__HnvBANK6                                                    nvBANK6      000000
__HnvFARRAM                                                   nvFARRAM     000000
__Hnvbit                                                      nvbit        000000
__Hnvrram                                                     nvrram       000000
__Hparam                                                      rparam       000000
__Hpowerup                                                    powerup      000000
__Hram                                                        ram          000000
__Hramtop                                                     ramtop       002600
__Hrbit                                                       rbit         000000
__Hrbss                                                       rbss         000000
__Hrdata                                                      rdata        000000
__Hreset_vec                                                  reset_vec    000004
__Hrparam                                                     rparam       000000
__Hsfr                                                        sfr          000000
__Hsmallconst                                                 smallconst   0026E2
__Hspace_0                                                    (abs)        0095F4
__Hspace_1                                                    (abs)        00080B
__Hspace_2                                                    (abs)        000000
__Hspace_4                                                    (abs)        60000A
__Hstack                                                      stack        000000
__Hstruct                                                     struct       000000
__Htemp                                                       temp         000000
__Htext                                                       text         000000
__Htext0                                                      text0        000000
__Htext1                                                      text1        000000
__Htext10                                                     text10       000000
__Htext100                                                    text100      000000
__Htext101                                                    text101      000000
__Htext102                                                    text102      000000
__Htext103                                                    text103      000000
__Htext11                                                     text11       000000
__Htext12                                                     text12       000000
__Htext13                                                     text13       000000
__Htext14                                                     text14       000000
__Htext15                                                     text15       000000
__Htext16                                                     text16       000000
__Htext17                                                     text17       000000
__Htext18                                                     text18       000000
__Htext19                                                     text19       000000
__Htext2                                                      text2        000000
__Htext20                                                     text20       000000
__Htext21                                                     text21       000000
__Htext22                                                     text22       000000
__Htext23                                                     text23       000000
__Htext24                                                     text24       000000
__Htext25                                                     text25       000000
__Htext26                                                     text26       000000
__Htext27                                                     text27       000000
__Htext28                                                     text28       000000
__Htext29                                                     text29       000000
__Htext3                                                      text3        000000
__Htext30                                                     text30       000000
__Htext31                                                     text31       000000
__Htext32                                                     text32       000000
__Htext33                                                     text33       000000
__Htext34                                                     text34       000000
__Htext35                                                     text35       000000
__Htext36                                                     text36       000000
__Htext37                                                     text37       000000
__Htext38                                                     text38       000000
__Htext39                                                     text39       000000
__Htext4                                                      text4        000000
__Htext40                                                     text40       000000
__Htext41                                                     text41       000000
__Htext42                                                     text42       000000
__Htext43                                                     text43       000000
__Htext44                                                     text44       000000
__Htext45                                                     text45       000000
__Htext46                                                     text46       000000
__Htext47                                                     text47       000000
__Htext48                                                     text48       000000
__Htext49                                                     text49       000000
__Htext5                                                      text5        000000
__Htext50                                                     text50       000000
__Htext51                                                     text51       000000
__Htext52                                                     text52       000000
__Htext53                                                     text53       000000
__Htext54                                                     text54       000000
__Htext55                                                     text55       000000
__Htext56                                                     text56       000000
__Htext57                                                     text57       000000
__Htext58                                                     text58       000000
__Htext59                                                     text59       000000
__Htext6                                                      text6        000000
__Htext60                                                     text60       000000
__Htext61                                                     text61       000000
__Htext62                                                     text62       000000
__Htext63                                                     text63       000000
__Htext64                                                     text64       000000
__Htext65                                                     text65       000000
__Htext66                                                     text66       000000
__Htext67                                                     text67       000000
__Htext68                                                     text68       000000
__Htext69                                                     text69       000000
__Htext7                                                      text7        000000
__Htext70                                                     text70       000000
__Htext71                                                     text71       000000
__Htext72                                                     text72       000000
__Htext73                                                     text73       000000
__Htext74                                                     text74       000000
__Htext75                                                     text75       000000
__Htext76                                                     text76       000000
__Htext77                                                     text77       000000
__Htext78                                                     text78       000000
__Htext79                                                     text79       000000
__Htext8                                                      text8        000000
__Htext80                                                     text80       000000
__Htext81                                                     text81       000000
__Htext82                                                     text82       000000
__Htext83                                                     text83       000000
__Htext84                                                     text84       000000
__Htext85                                                     text85       000000
__Htext86                                                     text86       000000
__Htext87                                                     text87       000000
__Htext88                                                     text88       000000
__Htext89                                                     text89       000000
__Htext9                                                      text9        000000
__Htext90                                                     text90       000000
__Htext91                                                     text91       000000
__Htext92                                                     text92       000000
__Htext93                                                     text93       000000
__Htext94                                                     text94       000000
__Htext95                                                     text95       000000
__Htext96                                                     text96       000000
__Htext97                                                     text97       000000
__Htext98                                                     text98       000000
__Htext99                                                     text99       000000
__LRAM                                                        (abs)        000001
__L__absolute__                                               __absolute__ 000000
__Labs1                                                       abs1         000000
__Lbank10                                                     bank10       000000
__Lbank11                                                     bank11       000000
__Lbank12                                                     bank12       000000
__Lbank13                                                     bank13       000000
__Lbank14                                                     bank14       000000
__Lbank15                                                     bank15       000000
__Lbank16                                                     bank16       000000
__Lbank17                                                     bank17       000000
__Lbank18                                                     bank18       000000
__Lbank19                                                     bank19       000000
__Lbank20                                                     bank20       000000
__Lbank21                                                     bank21       000000
__Lbank22                                                     bank22       000000
__Lbank23                                                     bank23       000000
__Lbank24                                                     bank24       000000
__Lbank25                                                     bank25       000000
__Lbank26                                                     bank26       000000
__Lbank27                                                     bank27       000000
__Lbank28                                                     bank28       000000
__Lbank29                                                     bank29       000000
__Lbank30                                                     bank30       000000
__Lbank31                                                     bank31       000000
__Lbank32                                                     bank32       000000
__Lbank33                                                     bank33       000000
__Lbank34                                                     bank34       000000
__Lbank35                                                     bank35       000000
__Lbank36                                                     bank36       000000
__Lbank5                                                      bank5        000000
__Lbank6                                                      bank6        000000
__Lbank7                                                      bank7        000000
__Lbank8                                                      bank8        000000
__Lbank9                                                      bank9        000000
__Lbigbss                                                     bigbss       000000
__Lbigdata                                                    bigdata      000000
__Lbigram                                                     bigram       000000
__Lbigsfr                                                     bigsfr       000000
__Lbss                                                        bss          000000
__LbssBANK5                                                   bssBANK5     000000
__LbssBANK6                                                   bssBANK6     000000
__LbssBANK7                                                   bssBANK7     000000
__LbssCOMRAM                                                  bssCOMRAM    000000
__Lcinit                                                      cinit        000000
__Lclrtext                                                    clrtext      000000
__Lcomram                                                     comram       000000
__Lconfig                                                     config       000000
__Lconst                                                      const        000000
__LcstackBANK5                                                cstackBANK5  000000
__LcstackBANK6                                                cstackBANK6  000000
__LcstackBANK8                                                cstackBANK8  000000
__LcstackCOMRAM                                               cstackCOMRAM 000000
__Ldata                                                       data         000000
__LdataBANK6                                                  dataBANK6    000000
__LdataBANK7                                                  dataBANK7    000000
__Leeprom_data                                                eeprom_data  000000
__Lfarbss                                                     farbss       000000
__Lfardata                                                    fardata      000000
__Lheap                                                       heap         000000
__Libigdata                                                   ibigdata     000000
__Lidata                                                      idata        000000
__LidataBANK6                                                 idataBANK6   000000
__LidataBANK7                                                 idataBANK7   000000
__Lidloc                                                      idloc        000000
__Lifardata                                                   ifardata     000000
__Linit                                                       init         00001A
__Lintsave_regs                                               intsave_regs 000000
__Lirdata                                                     irdata       000000
__Livt0x8                                                     ivt0x8       000008
__Lmediumconst                                                mediumconst  000000
__LnvBANK6                                                    nvBANK6      000000
__LnvFARRAM                                                   nvFARRAM     000000
__Lnvbit                                                      nvbit        000000
__Lnvrram                                                     nvrram       000000
__Lparam                                                      rparam       000000
__Lpowerup                                                    powerup      000000
__Lram                                                        ram          000000
__Lramtop                                                     ramtop       002600
__Lrbit                                                       rbit         000000
__Lrbss                                                       rbss         000000
__Lrdata                                                      rdata        000000
__Lreset_vec                                                  reset_vec    000000
__Lrparam                                                     rparam       000000
__Lsfr                                                        sfr          000000
__Lsmallconst                                                 smallconst   002600
__Lspace_0                                                    (abs)        000000
__Lspace_1                                                    (abs)        000000
__Lspace_2                                                    (abs)        000000
__Lspace_4                                                    (abs)        000000
__Lstack                                                      stack        000000
__Lstruct                                                     struct       000000
__Ltemp                                                       temp         000000
__Ltext                                                       text         000000
__Ltext0                                                      text0        000000
__Ltext1                                                      text1        000000
__Ltext10                                                     text10       000000
[...]
i2___fpclassifyf                                              text97       007F9C
i2___fpclassifyf@e                                            cstackCOMRAM 000509
i2___fpclassifyf@u                                            cstackCOMRAM 00050B
i2___fpclassifyf@x                                            cstackCOMRAM 000501
intlevel0                                                     text         000000
intlevel1                                                     text         000000
intlevel2                                                     text         000000
intlevel3                                                     text         000000
isa$std                                                       (abs)        000001
isa$xinst                                                     (abs)        000000
ivt0x8_base                                                   ivt0x8       000008
labs@a                                                        cstackBANK5  00056A
main@command                                                  cstackBANK8  000800
memcpy@d                                                      cstackBANK5  000571
memcpy@d1                                                     cstackBANK5  00056A
memcpy@n                                                      cstackBANK5  00056E
memcpy@s                                                      cstackBANK5  000573
memcpy@s1                                                     cstackBANK5  00056C
memcpy@tmp                                                    cstackBANK5  000570
memset@c                                                      cstackBANK5  00056C
memset@dest                                                   cstackBANK5  00056A
memset@n                                                      cstackBANK5  00056E
memset@p                                                      cstackBANK5  000570
pad@buf                                                       cstackBANK5  00057F
pad@fp                                                        cstackBANK5  00057D
pad@i                                                         cstackBANK5  000584
pad@p                                                         cstackBANK5  000581
printf@ap                                                     cstackBANK5  0005E1
printf@fmt                                                    cstackBANK6  0006C6
putch@txData                                                  cstackBANK5  00056C
read_prec_or_width@ap                                         cstackBANK5  00056C
read_prec_or_width@c                                          cstackBANK5  000570
read_prec_or_width@fmt                                        cstackBANK5  00056A
read_prec_or_width@n                                          cstackBANK5  000571
setMotor@dir                                                  cstackCOMRAM 000511
setMotor@vel                                                  cstackCOMRAM 00050D
skipws@c                                                      cstackBANK5  00057B
skipws@fp                                                     cstackBANK5  000578
sscanf@ap                                                     cstackBANK6  0006C8
sscanf@f                                                      cstackBANK6  0006CA
sscanf@fmt                                                    cstackBANK5  0005E8
sscanf@ret                                                    cstackBANK6  0006C6
sscanf@s                                                      cstackBANK5  0005E6
stackhi                                                       (abs)        000000
stacklo                                                       (abs)        000000
start                                                         init         00001A
start_initialization                                          cinit        008B08
stoa@cp                                                       cstackBANK5  00057E
stoa@fp                                                       cstackBANK5  000576
stoa@l                                                        cstackBANK5  000580
stoa@p                                                        cstackBANK5  00057C
stoa@s                                                        cstackBANK5  000578
strcpy@d                                                      cstackBANK5  00056E
strcpy@dest                                                   cstackBANK5  00056A
strcpy@src                                                    cstackBANK5  00056C
strncmp@l                                                     cstackBANK5  00056A
strncmp@n                                                     cstackBANK5  00056C
strncmp@r                                                     cstackBANK5  00056B
temporizador_ISR@deltaTime                                    cstackBANK5  000560
temporizador_ISR@derivative                                   cstackBANK5  000564
trapezoidalMembership@a                                       cstackCOMRAM 00054F
trapezoidalMembership@b                                       cstackCOMRAM 000553
trapezoidalMembership@c                                       cstackCOMRAM 000557
trapezoidalMembership@d                                       cstackCOMRAM 00055B
trapezoidalMembership@x                                       cstackCOMRAM 00054B
triangularMembership@a                                        cstackCOMRAM 00054F
triangularMembership@b                                        cstackCOMRAM 000553
triangularMembership@c                                        cstackCOMRAM 000557
triangularMembership@x                                        cstackCOMRAM 00054B
ungetc@c                                                      cstackBANK5  00056A
ungetc@fp                                                     cstackBANK5  00056C
utoa@d                                                        cstackBANK5  000588
utoa@fp                                                       cstackBANK5  000586
utoa@i                                                        cstackBANK5  00058E
utoa@p                                                        cstackBANK5  00058A
utoa@w                                                        cstackBANK5  00058C
vfpfcnvrt@ap                                                  cstackBANK5  0005D0
vfpfcnvrt@c                                                   cstackBANK5  0005D4
vfpfcnvrt@convarg                                             cstackBANK5  0005D6
vfpfcnvrt@cp                                                  cstackBANK5  0005DA
vfpfcnvrt@done                                                cstackBANK5  0005D5
vfpfcnvrt@fmt                                                 cstackBANK5  0005CE
vfpfcnvrt@fp                                                  cstackBANK5  0005CC
vfprintf@ap                                                   cstackBANK5  0005DE
vfprintf@cfmt                                                 cstackBANK5  0005E0
vfprintf@fmt                                                  cstackBANK5  0005DD
vfprintf@fp                                                   cstackBANK5  0005DB
vfscanf@ap                                                    cstackBANK5  0005DF
vfscanf@cfmt                                                  cstackBANK5  0005E5
vfscanf@fmt                                                   cstackBANK5  0005DE
vfscanf@fp                                                    cstackBANK5  0005DC
vfscanf@n                                                     cstackBANK5  0005E3
vfscanf@saved_errno                                           cstackBANK5  0005E1
vfsfcnvrt@ap                                                  cstackBANK5  0005CA
vfsfcnvrt@c                                                   cstackBANK5  0005DA
vfsfcnvrt@fmt                                                 cstackBANK5  0005C8
vfsfcnvrt@fp                                                  cstackBANK5  0005C6
vfsfcnvrt@i                                                   cstackBANK5  0005D8
vfsfcnvrt@llu                                                 cstackBANK5  0005D0
vfsfcnvrt@vp                                                  cstackBANK5  0005CE


MODULE INFORMATION

Module		Function		Class		Link	Load	Size
C:\Program Files\Microchip\xc8\v3.00\pic\sources\c99\common\flge.c
		___flge        		CODE           	7B8C	0000	262

C:\Program Files\Microchip\xc8\v3.00\pic\sources\c99\common\flge.c estimated size: 262

C:\Program Files\Microchip\xc8\v3.00\pic\sources\c99\common\__strtoxll.c
		___strtoxll    		CODE           	3146	0000	1398

C:\Program Files\Microchip\xc8\v3.00\pic\sources\c99\common\__strtoxll.c estimated size: 1398

C:\Program Files\Microchip\xc8\v3.00\pic\sources\c99\common\abs.c
		_abs           		CODE           	9356	0000	54

C:\Program Files\Microchip\xc8\v3.00\pic\sources\c99\common\abs.c estimated size: 54

C:\Program Files\Microchip\xc8\v3.00\pic\sources\c99\common\nf_getc.c
		_fgetc         		CODE           	750C	0000	286
		_ungetc        		CODE           	8664	0000	184

C:\Program Files\Microchip\xc8\v3.00\pic\sources\c99\common\nf_getc.c estimated size: 470

C:\Program Files\Microchip\xc8\v3.00\pic\sources\c99\common\nf_fputc.c
		_fputc         		CODE           	840E	0000	204

C:\Program Files\Microchip\xc8\v3.00\pic\sources\c99\common\nf_fputc.c estimated size: 204

C:\Program Files\Microchip\xc8\v3.00\pic\sources\c99\common\memcpy.c
		_memcpy        		CODE           	8F96	0000	82

C:\Program Files\Microchip\xc8\v3.00\pic\sources\c99\common\memcpy.c estimated size: 82

C:\Program Files\Microchip\xc8\v3.00\pic\sources\c99\common\flneg.c
		___flneg       		CODE           	9270	0000	58

C:\Program Files\Microchip\xc8\v3.00\pic\sources\c99\common\flneg.c estimated size: 58

C:\Program Files\Microchip\xc8\v3.00\pic\sources\c99\common\fabsf.c
		_fabsf         		CODE           	93C2	0000	52

C:\Program Files\Microchip\xc8\v3.00\pic\sources\c99\common\fabsf.c estimated size: 52

C:\Program Files\Microchip\xc8\v3.00\pic\sources\c99\common\doscan.c
		_vfsfcnvrt     		CODE           	51EC	0000	1036
		_atou          		CODE           	64AC	0000	576
		_vfscanf       		CODE           	8264	0000	218
		_skipws        		CODE           	8C70	0000	116

C:\Program Files\Microchip\xc8\v3.00\pic\sources\c99\common\doscan.c estimated size: 1946

C:\Program Files\Microchip\xc8\v3.00\pic\sources\c99\common\Umul64.c
		___omul        		CODE           	8A68	0000	160

C:\Program Files\Microchip\xc8\v3.00\pic\sources\c99\common\Umul64.c estimated size: 160

C:\Program Files\Microchip\xc8\v3.00\pic\sources\c99\common\__fpclassifyf.c
		___fpclassifyf 		CODE           	7E9C	0000	256

C:\Program Files\Microchip\xc8\v3.00\pic\sources\c99\common\__fpclassifyf.c estimated size: 256

C:\Program Files\Microchip\xc8\v3.00\pic\sources\c99\common\fminf.c
		_fminf         		CODE           	762A	0000	286

C:\Program Files\Microchip\xc8\v3.00\pic\sources\c99\common\fminf.c estimated size: 286

mcc_generated_files/system/src/interrupt.c
		_INT0_SetInterruptHandler		CODE           	95B2	0000	14
		_INT1_SetInterruptHandler		CODE           	95A4	0000	14
		_INT2_SetInterruptHandler		CODE           	9596	0000	14
		_INTERRUPT_Initialize		CODE           	9164	0000	70
		_INTERRUPT_InterruptManager		CODE           	7010	0000	330

mcc_generated_files/system/src/interrupt.c estimated size: 442

mcc_generated_files/pwm/src/pwm1_16bit.c
		_PWM1_16BIT_Period_SetInterruptHandler		CODE           	9588	0000	14
		_PWM1_16BIT_Slice1Output1_SetInterruptHandler		CODE           	957A	0000	14
		_PWM1_16BIT_Slice1Output2_SetInterruptHandler		CODE           	956C	0000	14
		_PWM1_16BIT_Initialize		CODE           	8CE4	0000	116
		_PWM1_16BIT_LoadBufferRegisters		CODE           	95E0	0000	4
		_PWM1_16BIT_SetSlice1Output1DutyCycleRegister		CODE           	95CC	0000	10
		_PWM1_16BIT_Enable		CODE           	95DC	0000	4

mcc_generated_files/pwm/src/pwm1_16bit.c estimated size: 176

mcc_generated_files/adc/src/adc.c
		_ADC_Initialize		CODE           	8E30	0000	98
		_ADC_ISR       		CODE           	95E8	0000	4
		_ADC_ThresholdISR		CODE           	95E4	0000	4

mcc_generated_files/adc/src/adc.c estimated size: 106

C:\Program Files\Microchip\xc8\v3.00\pic\sources\c99\common\printf.c
		_printf        		CODE           	941A	0000	36

C:\Program Files\Microchip\xc8\v3.00\pic\sources\c99\common\printf.c estimated size: 36

mcc_generated_files/uart/src/uart1.c
		_UART1_DefaultOverrunErrorCallback		CODE           	95EE	0000	2
		_UART1_IsRxReady		CODE           	9522	0000	24
		_UART1_IsTxReady		CODE           	950A	0000	24
		_UART1_Write   		CODE           	9086	0000	78
		_putch         		CODE           	94AA	0000	34
		_UART1_DefaultParityErrorCallback		CODE           	95EC	0000	2
		_UART1_FramingErrorCallbackRegister		CODE           	9486	0000	36
		_UART1_OverrunErrorCallbackRegister		CODE           	9462	0000	36
		_UART1_ReceiveISR		CODE           	715A	0000	324
		_UART1_Initialize		CODE           	8922	0000	164
		_UART1_Read    		CODE           	938C	0000	54
		_getch         		CODE           	93F6	0000	36
		_UART1_DefaultFramingErrorCallback		CODE           	95F0	0000	2
		_UART1_TransmitISR		CODE           	92E4	0000	58
		_UART1_ParityErrorCallbackRegister		CODE           	943E	0000	36

mcc_generated_files/uart/src/uart1.c estimated size: 910

C:\Program Files\Microchip\xc8\v3.00\pic\sources\c99\common\lwmod.c
		___lwmod       		CODE           	8DCA	0000	102

C:\Program Files\Microchip\xc8\v3.00\pic\sources\c99\common\lwmod.c estimated size: 102

C:\Program Files\Microchip\xc8\v3.00\pic\sources\c99\common\awmod.c
		___awmod       		CODE           	871C	0000	176

C:\Program Files\Microchip\xc8\v3.00\pic\sources\c99\common\awmod.c estimated size: 176

C:\Program Files\Microchip\xc8\v3.00\pic\sources\c99\common\floorf.c
		_floorf        		CODE           	66EC	0000	534

C:\Program Files\Microchip\xc8\v3.00\pic\sources\c99\common\floorf.c estimated size: 534

C:\Program Files\Microchip\xc8\v3.00\pic\sources\c99\common\fleq.c
		___fleq        		CODE           	87CC	0000	172

C:\Program Files\Microchip\xc8\v3.00\pic\sources\c99\common\fleq.c estimated size: 172

C:\Program Files\Microchip\xc8\v3.00\pic\sources\c99\common\strncmp.c
		_strncmp       		CODE           	8180	0000	228

C:\Program Files\Microchip\xc8\v3.00\pic\sources\c99\common\strncmp.c estimated size: 228

C:\Program Files\Microchip\xc8\v3.00\pic\sources\c99\common\sprcmul.c
		___flmul       		CODE           	499E	0000	1064

C:\Program Files\Microchip\xc8\v3.00\pic\sources\c99\common\sprcmul.c estimated size: 1064

mcc_generated_files/system/src/pins.c
		_PIN_MANAGER_Initialize		CODE           	89C6	0000	162

mcc_generated_files/system/src/pins.c estimated size: 162

C:\Program Files\Microchip\xc8\v3.00\pic\sources\c99\common\sprcdiv.c
		___fldiv       		CODE           	55F8	0000	914

C:\Program Files\Microchip\xc8\v3.00\pic\sources\c99\common\sprcdiv.c estimated size: 914

shared
		i2___fleq      		CODE           	8878	0000	170
		i2___fladd     		CODE           	44E8	0000	1206
		i2___fldiv     		CODE           	598A	0000	912
		i2___fltol     		CODE           	7C92	0000	262
		__initialization		CODE           	8B08	0000	116
		i2___flge      		CODE           	7D98	0000	260
		_UART1         		SMALLCONST     	2601	0000	72
		i2___flmul     		CODE           	4DC6	0000	1062
		i2___fpclassifyf		CODE           	7F9C	0000	254
		i2___flsub     		CODE           	91AA	0000	70

shared estimated size: 4384

C:\Program Files\Microchip\xc8\v3.00\pic\sources\c99\common\xxtofl.c
		___xxtofl      		CODE           	6CC6	0000	436

C:\Program Files\Microchip\xc8\v3.00\pic\sources\c99\common\xxtofl.c estimated size: 436

C:\Program Files\Microchip\xc8\v3.00\pic\sources\c99\common\nf_fputs.c
		_fputs         		CODE           	911C	0000	72

C:\Program Files\Microchip\xc8\v3.00\pic\sources\c99\common\nf_fputs.c estimated size: 72

C:\Program Files\Microchip\xc8\v3.00\pic\sources\c99\common\strcpy.c
		_strcpy        		CODE           	91F0	0000	64

C:\Program Files\Microchip\xc8\v3.00\pic\sources\c99\common\strcpy.c estimated size: 64

C:\Program Files\Microchip\xc8\v3.00\pic\sources\c99\common\memset.c
		_memset        		CODE           	92AA	0000	58

C:\Program Files\Microchip\xc8\v3.00\pic\sources\c99\common\memset.c estimated size: 58

C:\Program Files\Microchip\xc8\v3.00\pic\sources\c99\common\__signbitf.c
		___signbitf    		CODE           	8FE8	0000	80

C:\Program Files\Microchip\xc8\v3.00\pic\sources\c99\common\__signbitf.c estimated size: 80

mcc_generated_files/system/src/clock.c
		_CLOCK_Initialize		CODE           	953A	0000	20

mcc_generated_files/system/src/clock.c estimated size: 20

C:\Program Files\Microchip\xc8\v3.00\pic\sources\c99\common\lwdiv.c
		___lwdiv       		CODE           	8BFA	0000	118

C:\Program Files\Microchip\xc8\v3.00\pic\sources\c99\common\lwdiv.c estimated size: 118

C:\Program Files\Microchip\xc8\v3.00\pic\sources\c99\common\nf_sscanf.c
		_sscanf        		CODE           	9038	0000	78

C:\Program Files\Microchip\xc8\v3.00\pic\sources\c99\common\nf_sscanf.c estimated size: 78

C:\Program Files\Microchip\xc8\v3.00\pic\sources\c99\common\awdiv.c
		___awdiv       		CODE           	85A0	0000	196

C:\Program Files\Microchip\xc8\v3.00\pic\sources\c99\common\awdiv.c estimated size: 196

mcc_generated_files/timer/src/tmr0.c
		_TMR0_DefaultCallback		CODE           	95F2	0000	2
		_TMR0_OverflowCallbackRegister		CODE           	955E	0000	14
		_TMR0_ISR      		CODE           	9230	0000	64
		_TMR0_Initialize		CODE           	931E	0000	56
		_TMR0_Start    		CODE           	95D6	0000	6

mcc_generated_files/timer/src/tmr0.c estimated size: 142

C:\Program Files\Microchip\xc8\v3.00\pic\sources\c99\common\fltol.c
		___fltol       		CODE           	7A84	0000	264

C:\Program Files\Microchip\xc8\v3.00\pic\sources\c99\common\fltol.c estimated size: 264

C:\Program Files\Microchip\xc8\v3.00\pic\sources\c99\common\labs.c
		_labs          		CODE           	8EEC	0000	88

C:\Program Files\Microchip\xc8\v3.00\pic\sources\c99\common\labs.c estimated size: 88

main.c
		_calculateNegativeControlValue		CODE           	797A	0000	266
		_calculatePositiveControlValue		CODE           	809A	0000	230
		_Uart_Read_String		CODE           	833E	0000	208
		_triangularMembership		CODE           	625A	0000	594
		_clear_data    		CODE           	94CC	0000	32
		_temporizador_ISR		CODE           	6902	0000	514
		_main          		CODE           	729E	0000	312
		_setMotor      		CODE           	8E92	0000	90
		_IOC_Initialize		CODE           	954E	0000	16
		_initializeMembershipFunctions		CODE           	5FE4	0000	630
		_fuzzyControl  		CODE           	4032	0000	1206
		_calculateZeroControlValue		CODE           	6E7A	0000	406
		_trapezoidalMembership		CODE           	5D1A	0000	714

main.c estimated size: 5218

C:\Program Files\Microchip\xc8\v3.00\pic\sources\c99\common\doprnt.c
		_read_prec_or_width		CODE           	84DA	0000	198
		_vfpfcnvrt     		CODE           	36BC	0000	1214
		_efgtoa        		CODE           	26E2	0000	2660
		_pad           		CODE           	8D58	0000	114
		_dtoa          		CODE           	6B04	0000	450
		_vfprintf      		CODE           	8F44	0000	82
		_stoa          		CODE           	7866	0000	276
		_utoa          		CODE           	73D6	0000	310

C:\Program Files\Microchip\xc8\v3.00\pic\sources\c99\common\doprnt.c estimated size: 5304

C:\Program Files\Microchip\xc8\v3.00\pic\sources\c99\common\sprcadd.c
		___flsub       		CODE           	90D4	0000	72
		___fladd       		CODE           	3B7A	0000	1208

C:\Program Files\Microchip\xc8\v3.00\pic\sources\c99\common\sprcadd.c estimated size: 1280

C:\Program Files\Microchip\xc8\v3.00\pic\sources\c99\common\fmaxf.c
		_fmaxf         		CODE           	7748	0000	286

C:\Program Files\Microchip\xc8\v3.00\pic\sources\c99\common\fmaxf.c estimated size: 286

mcc_generated_files/system/src/system.c
		_SYSTEM_Initialize		CODE           	94EC	0000	30

mcc_generated_files/system/src/system.c estimated size: 30

